09:37:03 **** Build of project standalone_bsp_0 ****
make -k all 
Running Make include in mcu_core_system_microblaze_0/libsrc/bram_v4_0/src
make -C mcu_core_system_microblaze_0/libsrc/bram_v4_0/src -s include  "SHELL=/bin/sh" "COMPILER=mb-gcc" "ARCHIVER=mb-ar" "COMPILER_FLAGS= -O2 -c -mcpu=v9.4 -mlittle-endian -mxl-soft-mul" "EXTRA_COMPILER_FLAGS=-g -ffunction-sections -fdata-sections"
Running Make include in mcu_core_system_microblaze_0/libsrc/cpu_v2_2/src
make -C mcu_core_system_microblaze_0/libsrc/cpu_v2_2/src -s include  "SHELL=/bin/sh" "COMPILER=mb-gcc" "ARCHIVER=mb-ar" "COMPILER_FLAGS= -O2 -c -mcpu=v9.4 -mlittle-endian -mxl-soft-mul" "EXTRA_COMPILER_FLAGS=-g -ffunction-sections -fdata-sections"
Running Make include in mcu_core_system_microblaze_0/libsrc/gpio_v4_0/src
make -C mcu_core_system_microblaze_0/libsrc/gpio_v4_0/src -s include  "SHELL=/bin/sh" "COMPILER=mb-gcc" "ARCHIVER=mb-ar" "COMPILER_FLAGS= -O2 -c -mcpu=v9.4 -mlittle-endian -mxl-soft-mul" "EXTRA_COMPILER_FLAGS=-g -ffunction-sections -fdata-sections"
Running Make include in mcu_core_system_microblaze_0/libsrc/intc_v3_2/src
make -C mcu_core_system_microblaze_0/libsrc/intc_v3_2/src -s include  "SHELL=/bin/sh" "COMPILER=mb-gcc" "ARCHIVER=mb-ar" "COMPILER_FLAGS= -O2 -c -mcpu=v9.4 -mlittle-endian -mxl-soft-mul" "EXTRA_COMPILER_FLAGS=-g -ffunction-sections -fdata-sections"
Running Make include in mcu_core_system_microblaze_0/libsrc/spi_v4_1/src
make -C mcu_core_system_microblaze_0/libsrc/spi_v4_1/src -s include  "SHELL=/bin/sh" "COMPILER=mb-gcc" "ARCHIVER=mb-ar" "COMPILER_FLAGS= -O2 -c -mcpu=v9.4 -mlittle-endian -mxl-soft-mul" "EXTRA_COMPILER_FLAGS=-g -ffunction-sections -fdata-sections"
Running Make include in mcu_core_system_microblaze_0/libsrc/standalone_v4_2/src
make -C mcu_core_system_microblaze_0/libsrc/standalone_v4_2/src -s include  "SHELL=/bin/sh" "COMPILER=mb-gcc" "ARCHIVER=mb-ar" "COMPILER_FLAGS= -O2 -c -mcpu=v9.4 -mlittle-endian -mxl-soft-mul" "EXTRA_COMPILER_FLAGS=-g -ffunction-sections -fdata-sections"
Running Make include in mcu_core_system_microblaze_0/libsrc/tmrctr_v3_0/src
make -C mcu_core_system_microblaze_0/libsrc/tmrctr_v3_0/src -s include  "SHELL=/bin/sh" "COMPILER=mb-gcc" "ARCHIVER=mb-ar" "COMPILER_FLAGS= -O2 -c -mcpu=v9.4 -mlittle-endian -mxl-soft-mul" "EXTRA_COMPILER_FLAGS=-g -ffunction-sections -fdata-sections"
Running Make include in mcu_core_system_microblaze_0/libsrc/uartlite_v3_0/src
make -C mcu_core_system_microblaze_0/libsrc/uartlite_v3_0/src -s include  "SHELL=/bin/sh" "COMPILER=mb-gcc" "ARCHIVER=mb-ar" "COMPILER_FLAGS= -O2 -c -mcpu=v9.4 -mlittle-endian -mxl-soft-mul" "EXTRA_COMPILER_FLAGS=-g -ffunction-sections -fdata-sections"
Running Make include in mcu_core_system_microblaze_0/libsrc/uartns550_v3_2/src
make -C mcu_core_system_microblaze_0/libsrc/uartns550_v3_2/src -s include  "SHELL=/bin/sh" "COMPILER=mb-gcc" "ARCHIVER=mb-ar" "COMPILER_FLAGS= -O2 -c -mcpu=v9.4 -mlittle-endian -mxl-soft-mul" "EXTRA_COMPILER_FLAGS=-g -ffunction-sections -fdata-sections"
Running Make libs in mcu_core_system_microblaze_0/libsrc/bram_v4_0/src
make -C mcu_core_system_microblaze_0/libsrc/bram_v4_0/src -s libs  "SHELL=/bin/sh" "COMPILER=mb-gcc" "ARCHIVER=mb-ar" "COMPILER_FLAGS= -O2 -c -mcpu=v9.4 -mlittle-endian -mxl-soft-mul" "EXTRA_COMPILER_FLAGS=-g -ffunction-sections -fdata-sections"
Compiling bram
mb-ar: creating ../../../lib/libxil.a
Running Make libs in mcu_core_system_microblaze_0/libsrc/cpu_v2_2/src
make -C mcu_core_system_microblaze_0/libsrc/cpu_v2_2/src -s libs  "SHELL=/bin/sh" "COMPILER=mb-gcc" "ARCHIVER=mb-ar" "COMPILER_FLAGS= -O2 -c -mcpu=v9.4 -mlittle-endian -mxl-soft-mul" "EXTRA_COMPILER_FLAGS=-g -ffunction-sections -fdata-sections"
Compiling cpu
Running Make libs in mcu_core_system_microblaze_0/libsrc/gpio_v4_0/src
make -C mcu_core_system_microblaze_0/libsrc/gpio_v4_0/src -s libs  "SHELL=/bin/sh" "COMPILER=mb-gcc" "ARCHIVER=mb-ar" "COMPILER_FLAGS= -O2 -c -mcpu=v9.4 -mlittle-endian -mxl-soft-mul" "EXTRA_COMPILER_FLAGS=-g -ffunction-sections -fdata-sections"
Compiling gpio
Running Make libs in mcu_core_system_microblaze_0/libsrc/intc_v3_2/src
make -C mcu_core_system_microblaze_0/libsrc/intc_v3_2/src -s libs  "SHELL=/bin/sh" "COMPILER=mb-gcc" "ARCHIVER=mb-ar" "COMPILER_FLAGS= -O2 -c -mcpu=v9.4 -mlittle-endian -mxl-soft-mul" "EXTRA_COMPILER_FLAGS=-g -ffunction-sections -fdata-sections"
Compiling intc
Running Make libs in mcu_core_system_microblaze_0/libsrc/spi_v4_1/src
make -C mcu_core_system_microblaze_0/libsrc/spi_v4_1/src -s libs  "SHELL=/bin/sh" "COMPILER=mb-gcc" "ARCHIVER=mb-ar" "COMPILER_FLAGS= -O2 -c -mcpu=v9.4 -mlittle-endian -mxl-soft-mul" "EXTRA_COMPILER_FLAGS=-g -ffunction-sections -fdata-sections"
Compiling spi
Running Make libs in mcu_core_system_microblaze_0/libsrc/standalone_v4_2/src
make -C mcu_core_system_microblaze_0/libsrc/standalone_v4_2/src -s libs  "SHELL=/bin/sh" "COMPILER=mb-gcc" "ARCHIVER=mb-ar" "COMPILER_FLAGS= -O2 -c -mcpu=v9.4 -mlittle-endian -mxl-soft-mul" "EXTRA_COMPILER_FLAGS=-g -ffunction-sections -fdata-sections"
Compiling standalone
Running Make libs in mcu_core_system_microblaze_0/libsrc/tmrctr_v3_0/src
make -C mcu_core_system_microblaze_0/libsrc/tmrctr_v3_0/src -s libs  "SHELL=/bin/sh" "COMPILER=mb-gcc" "ARCHIVER=mb-ar" "COMPILER_FLAGS= -O2 -c -mcpu=v9.4 -mlittle-endian -mxl-soft-mul" "EXTRA_COMPILER_FLAGS=-g -ffunction-sections -fdata-sections"
Compiling tmrctr
Running Make libs in mcu_core_system_microblaze_0/libsrc/uartlite_v3_0/src
make -C mcu_core_system_microblaze_0/libsrc/uartlite_v3_0/src -s libs  "SHELL=/bin/sh" "COMPILER=mb-gcc" "ARCHIVER=mb-ar" "COMPILER_FLAGS= -O2 -c -mcpu=v9.4 -mlittle-endian -mxl-soft-mul" "EXTRA_COMPILER_FLAGS=-g -ffunction-sections -fdata-sections"
Compiling uartlite
Running Make libs in mcu_core_system_microblaze_0/libsrc/uartns550_v3_2/src
make -C mcu_core_system_microblaze_0/libsrc/uartns550_v3_2/src -s libs  "SHELL=/bin/sh" "COMPILER=mb-gcc" "ARCHIVER=mb-ar" "COMPILER_FLAGS= -O2 -c -mcpu=v9.4 -mlittle-endian -mxl-soft-mul" "EXTRA_COMPILER_FLAGS=-g -ffunction-sections -fdata-sections"
Compiling uartns550
Finished building libraries
09:37:25 **** Build of configuration Debug for project hello ****
make all 
Building file: ../src/helloworld.c
Invoking: MicroBlaze gcc compiler
mb-gcc -Wall -O0 -g3 -c -fmessage-length=0 -MT"src/helloworld.o" -I../../standalone_bsp_0/mcu_core_system_microblaze_0/include -mlittle-endian -mcpu=v9.4 -mxl-soft-mul -Wl,--no-relax -ffunction-sections -fdata-sections -MMD -MP -MF"src/helloworld.d" -MT"src/helloworld.d" -o "src/helloworld.o" "../src/helloworld.c"
Finished building: ../src/helloworld.c
 
Building file: ../src/platform.c
Invoking: MicroBlaze gcc compiler
mb-gcc -Wall -O0 -g3 -c -fmessage-length=0 -MT"src/platform.o" -I../../standalone_bsp_0/mcu_core_system_microblaze_0/include -mlittle-endian -mcpu=v9.4 -mxl-soft-mul -Wl,--no-relax -ffunction-sections -fdata-sections -MMD -MP -MF"src/platform.d" -MT"src/platform.d" -o "src/platform.o" "../src/platform.c"
Finished building: ../src/platform.c
 
Building target: hello.elf
Invoking: MicroBlaze gcc linker
mb-gcc -Wl,-T -Wl,../src/lscript.ld -L../../standalone_bsp_0/mcu_core_system_microblaze_0/lib -mlittle-endian -mcpu=v9.4 -mxl-soft-mul -Wl,--no-relax -Wl,--gc-sections -o "hello.elf"  ./src/helloworld.o ./src/platform.o   -Wl,--start-group,-lxil,-lgcc,-lc,--end-group
Finished building target: hello.elf
 
Invoking: MicroBlaze Print Size
mb-size hello.elf  |tee "hello.elf.size"
   text	   data	    bss	    dec	    hex	filename
   3404	    324	   2088	   5816	   16b8	hello.elf
Finished building: hello.elf.size
 
09:39:28 **** Incremental Build of configuration Debug for project hello ****
make all 
make: Nothing to be done for `all'.
09:41:41 **** Incremental Build of configuration Debug for project hello ****
make all 
make: Nothing to be done for `all'.
09:42:36 **** Incremental Build of configuration Debug for project hello ****
make all 
make: Nothing to be done for `all'.
09:44:44 **** Incremental Build of configuration Debug for project hello ****
make all 
make: Nothing to be done for `all'.
09:45:56 **** Incremental Build of configuration Debug for project hello ****
make all 
make: Nothing to be done for `all'.
10:07:46 **** Auto Build of project standalone_bsp_0 ****
make -k all 
Running Make include in mcu_core_system_microblaze_0/libsrc/bram_v4_0/src
make -C mcu_core_system_microblaze_0/libsrc/bram_v4_0/src -s include  "SHELL=/bin/sh" "COMPILER=mb-gcc" "ARCHIVER=mb-ar" "COMPILER_FLAGS= -O2 -c -mcpu=v9.4 -mlittle-endian -mxl-soft-mul" "EXTRA_COMPILER_FLAGS=-g -ffunction-sections -fdata-sections"
Running Make include in mcu_core_system_microblaze_0/libsrc/cpu_v2_2/src
make -C mcu_core_system_microblaze_0/libsrc/cpu_v2_2/src -s include  "SHELL=/bin/sh" "COMPILER=mb-gcc" "ARCHIVER=mb-ar" "COMPILER_FLAGS= -O2 -c -mcpu=v9.4 -mlittle-endian -mxl-soft-mul" "EXTRA_COMPILER_FLAGS=-g -ffunction-sections -fdata-sections"
Running Make include in mcu_core_system_microblaze_0/libsrc/gpio_v4_0/src
make -C mcu_core_system_microblaze_0/libsrc/gpio_v4_0/src -s include  "SHELL=/bin/sh" "COMPILER=mb-gcc" "ARCHIVER=mb-ar" "COMPILER_FLAGS= -O2 -c -mcpu=v9.4 -mlittle-endian -mxl-soft-mul" "EXTRA_COMPILER_FLAGS=-g -ffunction-sections -fdata-sections"
Running Make include in mcu_core_system_microblaze_0/libsrc/intc_v3_2/src
make -C mcu_core_system_microblaze_0/libsrc/intc_v3_2/src -s include  "SHELL=/bin/sh" "COMPILER=mb-gcc" "ARCHIVER=mb-ar" "COMPILER_FLAGS= -O2 -c -mcpu=v9.4 -mlittle-endian -mxl-soft-mul" "EXTRA_COMPILER_FLAGS=-g -ffunction-sections -fdata-sections"
Running Make include in mcu_core_system_microblaze_0/libsrc/spi_v4_1/src
make -C mcu_core_system_microblaze_0/libsrc/spi_v4_1/src -s include  "SHELL=/bin/sh" "COMPILER=mb-gcc" "ARCHIVER=mb-ar" "COMPILER_FLAGS= -O2 -c -mcpu=v9.4 -mlittle-endian -mxl-soft-mul" "EXTRA_COMPILER_FLAGS=-g -ffunction-sections -fdata-sections"
Running Make include in mcu_core_system_microblaze_0/libsrc/standalone_v4_2/src
make -C mcu_core_system_microblaze_0/libsrc/standalone_v4_2/src -s include  "SHELL=/bin/sh" "COMPILER=mb-gcc" "ARCHIVER=mb-ar" "COMPILER_FLAGS= -O2 -c -mcpu=v9.4 -mlittle-endian -mxl-soft-mul" "EXTRA_COMPILER_FLAGS=-g -ffunction-sections -fdata-sections"
Running Make include in mcu_core_system_microblaze_0/libsrc/tmrctr_v3_0/src
make -C mcu_core_system_microblaze_0/libsrc/tmrctr_v3_0/src -s include  "SHELL=/bin/sh" "COMPILER=mb-gcc" "ARCHIVER=mb-ar" "COMPILER_FLAGS= -O2 -c -mcpu=v9.4 -mlittle-endian -mxl-soft-mul" "EXTRA_COMPILER_FLAGS=-g -ffunction-sections -fdata-sections"
Running Make include in mcu_core_system_microblaze_0/libsrc/uartlite_v3_0/src
make -C mcu_core_system_microblaze_0/libsrc/uartlite_v3_0/src -s include  "SHELL=/bin/sh" "COMPILER=mb-gcc" "ARCHIVER=mb-ar" "COMPILER_FLAGS= -O2 -c -mcpu=v9.4 -mlittle-endian -mxl-soft-mul" "EXTRA_COMPILER_FLAGS=-g -ffunction-sections -fdata-sections"
Running Make include in mcu_core_system_microblaze_0/libsrc/uartns550_v3_2/src
make -C mcu_core_system_microblaze_0/libsrc/uartns550_v3_2/src -s include  "SHELL=/bin/sh" "COMPILER=mb-gcc" "ARCHIVER=mb-ar" "COMPILER_FLAGS= -O2 -c -mcpu=v9.4 -mlittle-endian -mxl-soft-mul" "EXTRA_COMPILER_FLAGS=-g -ffunction-sections -fdata-sections"
Running Make libs in mcu_core_system_microblaze_0/libsrc/bram_v4_0/src
make -C mcu_core_system_microblaze_0/libsrc/bram_v4_0/src -s libs  "SHELL=/bin/sh" "COMPILER=mb-gcc" "ARCHIVER=mb-ar" "COMPILER_FLAGS= -O2 -c -mcpu=v9.4 -mlittle-endian -mxl-soft-mul" "EXTRA_COMPILER_FLAGS=-g -ffunction-sections -fdata-sections"
Compiling bram
Running Make libs in mcu_core_system_microblaze_0/libsrc/cpu_v2_2/src
make -C mcu_core_system_microblaze_0/libsrc/cpu_v2_2/src -s libs  "SHELL=/bin/sh" "COMPILER=mb-gcc" "ARCHIVER=mb-ar" "COMPILER_FLAGS= -O2 -c -mcpu=v9.4 -mlittle-endian -mxl-soft-mul" "EXTRA_COMPILER_FLAGS=-g -ffunction-sections -fdata-sections"
Compiling cpu
Running Make libs in mcu_core_system_microblaze_0/libsrc/gpio_v4_0/src
make -C mcu_core_system_microblaze_0/libsrc/gpio_v4_0/src -s libs  "SHELL=/bin/sh" "COMPILER=mb-gcc" "ARCHIVER=mb-ar" "COMPILER_FLAGS= -O2 -c -mcpu=v9.4 -mlittle-endian -mxl-soft-mul" "EXTRA_COMPILER_FLAGS=-g -ffunction-sections -fdata-sections"
Compiling gpio
Running Make libs in mcu_core_system_microblaze_0/libsrc/intc_v3_2/src
make -C mcu_core_system_microblaze_0/libsrc/intc_v3_2/src -s libs  "SHELL=/bin/sh" "COMPILER=mb-gcc" "ARCHIVER=mb-ar" "COMPILER_FLAGS= -O2 -c -mcpu=v9.4 -mlittle-endian -mxl-soft-mul" "EXTRA_COMPILER_FLAGS=-g -ffunction-sections -fdata-sections"
Compiling intc
Running Make libs in mcu_core_system_microblaze_0/libsrc/spi_v4_1/src
make -C mcu_core_system_microblaze_0/libsrc/spi_v4_1/src -s libs  "SHELL=/bin/sh" "COMPILER=mb-gcc" "ARCHIVER=mb-ar" "COMPILER_FLAGS= -O2 -c -mcpu=v9.4 -mlittle-endian -mxl-soft-mul" "EXTRA_COMPILER_FLAGS=-g -ffunction-sections -fdata-sections"
Compiling spi
Running Make libs in mcu_core_system_microblaze_0/libsrc/standalone_v4_2/src
make -C mcu_core_system_microblaze_0/libsrc/standalone_v4_2/src -s libs  "SHELL=/bin/sh" "COMPILER=mb-gcc" "ARCHIVER=mb-ar" "COMPILER_FLAGS= -O2 -c -mcpu=v9.4 -mlittle-endian -mxl-soft-mul" "EXTRA_COMPILER_FLAGS=-g -ffunction-sections -fdata-sections"
Compiling standalone
Running Make libs in mcu_core_system_microblaze_0/libsrc/tmrctr_v3_0/src
make -C mcu_core_system_microblaze_0/libsrc/tmrctr_v3_0/src -s libs  "SHELL=/bin/sh" "COMPILER=mb-gcc" "ARCHIVER=mb-ar" "COMPILER_FLAGS= -O2 -c -mcpu=v9.4 -mlittle-endian -mxl-soft-mul" "EXTRA_COMPILER_FLAGS=-g -ffunction-sections -fdata-sections"
Compiling tmrctr
Running Make libs in mcu_core_system_microblaze_0/libsrc/uartlite_v3_0/src
make -C mcu_core_system_microblaze_0/libsrc/uartlite_v3_0/src -s libs  "SHELL=/bin/sh" "COMPILER=mb-gcc" "ARCHIVER=mb-ar" "COMPILER_FLAGS= -O2 -c -mcpu=v9.4 -mlittle-endian -mxl-soft-mul" "EXTRA_COMPILER_FLAGS=-g -ffunction-sections -fdata-sections"
Compiling uartlite
Running Make libs in mcu_core_system_microblaze_0/libsrc/uartns550_v3_2/src
make -C mcu_core_system_microblaze_0/libsrc/uartns550_v3_2/src -s libs  "SHELL=/bin/sh" "COMPILER=mb-gcc" "ARCHIVER=mb-ar" "COMPILER_FLAGS= -O2 -c -mcpu=v9.4 -mlittle-endian -mxl-soft-mul" "EXTRA_COMPILER_FLAGS=-g -ffunction-sections -fdata-sections"
Compiling uartns550
Finished building libraries
10:07:50 **** Auto Build of configuration Debug for project hello ****
make all 
Building file: ../src/platform.c
Invoking: MicroBlaze gcc compiler
mb-gcc -Wall -O0 -g3 -c -fmessage-length=0 -MT"src/platform.o" -I../../standalone_bsp_0/mcu_core_system_microblaze_0/include -mlittle-endian -mcpu=v9.4 -mxl-soft-mul -Wl,--no-relax -ffunction-sections -fdata-sections -MMD -MP -MF"src/platform.d" -MT"src/platform.d" -o "src/platform.o" "../src/platform.c"
Finished building: ../src/platform.c
 
Building target: hello.elf
Invoking: MicroBlaze gcc linker
mb-gcc -Wl,-T -Wl,../src/lscript.ld -L../../standalone_bsp_0/mcu_core_system_microblaze_0/lib -mlittle-endian -mcpu=v9.4 -mxl-soft-mul -Wl,--no-relax -Wl,--gc-sections -o "hello.elf"  ./src/helloworld.o ./src/platform.o   -Wl,--start-group,-lxil,-lgcc,-lc,--end-group
Finished building target: hello.elf
 
Invoking: MicroBlaze Print Size
mb-size hello.elf  |tee "hello.elf.size"
   text	   data	    bss	    dec	    hex	filename
   3404	    324	   2088	   5816	   16b8	hello.elf
Finished building: hello.elf.size
 
10:08:20 **** Incremental Build of configuration Debug for project hello ****
make all 
make: Nothing to be done for `all'.
10:08:55 **** Auto Build of project standalone_bsp_0 ****
make -k all 
Running Make include in mcu_core_system_microblaze_0/libsrc/bram_v4_0/src
make -C mcu_core_system_microblaze_0/libsrc/bram_v4_0/src -s include  "SHELL=/bin/sh" "COMPILER=mb-gcc" "ARCHIVER=mb-ar" "COMPILER_FLAGS= -O2 -c -mcpu=v9.4 -mlittle-endian -mxl-soft-mul" "EXTRA_COMPILER_FLAGS=-g -ffunction-sections -fdata-sections"
Running Make include in mcu_core_system_microblaze_0/libsrc/cpu_v2_2/src
make -C mcu_core_system_microblaze_0/libsrc/cpu_v2_2/src -s include  "SHELL=/bin/sh" "COMPILER=mb-gcc" "ARCHIVER=mb-ar" "COMPILER_FLAGS= -O2 -c -mcpu=v9.4 -mlittle-endian -mxl-soft-mul" "EXTRA_COMPILER_FLAGS=-g -ffunction-sections -fdata-sections"
Running Make include in mcu_core_system_microblaze_0/libsrc/gpio_v4_0/src
make -C mcu_core_system_microblaze_0/libsrc/gpio_v4_0/src -s include  "SHELL=/bin/sh" "COMPILER=mb-gcc" "ARCHIVER=mb-ar" "COMPILER_FLAGS= -O2 -c -mcpu=v9.4 -mlittle-endian -mxl-soft-mul" "EXTRA_COMPILER_FLAGS=-g -ffunction-sections -fdata-sections"
Running Make include in mcu_core_system_microblaze_0/libsrc/intc_v3_2/src
make -C mcu_core_system_microblaze_0/libsrc/intc_v3_2/src -s include  "SHELL=/bin/sh" "COMPILER=mb-gcc" "ARCHIVER=mb-ar" "COMPILER_FLAGS= -O2 -c -mcpu=v9.4 -mlittle-endian -mxl-soft-mul" "EXTRA_COMPILER_FLAGS=-g -ffunction-sections -fdata-sections"
Running Make include in mcu_core_system_microblaze_0/libsrc/spi_v4_1/src
make -C mcu_core_system_microblaze_0/libsrc/spi_v4_1/src -s include  "SHELL=/bin/sh" "COMPILER=mb-gcc" "ARCHIVER=mb-ar" "COMPILER_FLAGS= -O2 -c -mcpu=v9.4 -mlittle-endian -mxl-soft-mul" "EXTRA_COMPILER_FLAGS=-g -ffunction-sections -fdata-sections"
Running Make include in mcu_core_system_microblaze_0/libsrc/standalone_v4_2/src
make -C mcu_core_system_microblaze_0/libsrc/standalone_v4_2/src -s include  "SHELL=/bin/sh" "COMPILER=mb-gcc" "ARCHIVER=mb-ar" "COMPILER_FLAGS= -O2 -c -mcpu=v9.4 -mlittle-endian -mxl-soft-mul" "EXTRA_COMPILER_FLAGS=-g -ffunction-sections -fdata-sections"
Running Make include in mcu_core_system_microblaze_0/libsrc/tmrctr_v3_0/src
make -C mcu_core_system_microblaze_0/libsrc/tmrctr_v3_0/src -s include  "SHELL=/bin/sh" "COMPILER=mb-gcc" "ARCHIVER=mb-ar" "COMPILER_FLAGS= -O2 -c -mcpu=v9.4 -mlittle-endian -mxl-soft-mul" "EXTRA_COMPILER_FLAGS=-g -ffunction-sections -fdata-sections"
Running Make include in mcu_core_system_microblaze_0/libsrc/uartlite_v3_0/src
make -C mcu_core_system_microblaze_0/libsrc/uartlite_v3_0/src -s include  "SHELL=/bin/sh" "COMPILER=mb-gcc" "ARCHIVER=mb-ar" "COMPILER_FLAGS= -O2 -c -mcpu=v9.4 -mlittle-endian -mxl-soft-mul" "EXTRA_COMPILER_FLAGS=-g -ffunction-sections -fdata-sections"
Running Make libs in mcu_core_system_microblaze_0/libsrc/bram_v4_0/src
make -C mcu_core_system_microblaze_0/libsrc/bram_v4_0/src -s libs  "SHELL=/bin/sh" "COMPILER=mb-gcc" "ARCHIVER=mb-ar" "COMPILER_FLAGS= -O2 -c -mcpu=v9.4 -mlittle-endian -mxl-soft-mul" "EXTRA_COMPILER_FLAGS=-g -ffunction-sections -fdata-sections"
Compiling bram
mb-ar: creating ../../../lib/libxil.a
Running Make libs in mcu_core_system_microblaze_0/libsrc/cpu_v2_2/src
make -C mcu_core_system_microblaze_0/libsrc/cpu_v2_2/src -s libs  "SHELL=/bin/sh" "COMPILER=mb-gcc" "ARCHIVER=mb-ar" "COMPILER_FLAGS= -O2 -c -mcpu=v9.4 -mlittle-endian -mxl-soft-mul" "EXTRA_COMPILER_FLAGS=-g -ffunction-sections -fdata-sections"
Compiling cpu
Running Make libs in mcu_core_system_microblaze_0/libsrc/gpio_v4_0/src
make -C mcu_core_system_microblaze_0/libsrc/gpio_v4_0/src -s libs  "SHELL=/bin/sh" "COMPILER=mb-gcc" "ARCHIVER=mb-ar" "COMPILER_FLAGS= -O2 -c -mcpu=v9.4 -mlittle-endian -mxl-soft-mul" "EXTRA_COMPILER_FLAGS=-g -ffunction-sections -fdata-sections"
Compiling gpio
Running Make libs in mcu_core_system_microblaze_0/libsrc/intc_v3_2/src
make -C mcu_core_system_microblaze_0/libsrc/intc_v3_2/src -s libs  "SHELL=/bin/sh" "COMPILER=mb-gcc" "ARCHIVER=mb-ar" "COMPILER_FLAGS= -O2 -c -mcpu=v9.4 -mlittle-endian -mxl-soft-mul" "EXTRA_COMPILER_FLAGS=-g -ffunction-sections -fdata-sections"
Compiling intc
Running Make libs in mcu_core_system_microblaze_0/libsrc/spi_v4_1/src
make -C mcu_core_system_microblaze_0/libsrc/spi_v4_1/src -s libs  "SHELL=/bin/sh" "COMPILER=mb-gcc" "ARCHIVER=mb-ar" "COMPILER_FLAGS= -O2 -c -mcpu=v9.4 -mlittle-endian -mxl-soft-mul" "EXTRA_COMPILER_FLAGS=-g -ffunction-sections -fdata-sections"
Compiling spi
Running Make libs in mcu_core_system_microblaze_0/libsrc/standalone_v4_2/src
make -C mcu_core_system_microblaze_0/libsrc/standalone_v4_2/src -s libs  "SHELL=/bin/sh" "COMPILER=mb-gcc" "ARCHIVER=mb-ar" "COMPILER_FLAGS= -O2 -c -mcpu=v9.4 -mlittle-endian -mxl-soft-mul" "EXTRA_COMPILER_FLAGS=-g -ffunction-sections -fdata-sections"
Compiling standalone
Running Make libs in mcu_core_system_microblaze_0/libsrc/tmrctr_v3_0/src
make -C mcu_core_system_microblaze_0/libsrc/tmrctr_v3_0/src -s libs  "SHELL=/bin/sh" "COMPILER=mb-gcc" "ARCHIVER=mb-ar" "COMPILER_FLAGS= -O2 -c -mcpu=v9.4 -mlittle-endian -mxl-soft-mul" "EXTRA_COMPILER_FLAGS=-g -ffunction-sections -fdata-sections"
Compiling tmrctr
Running Make libs in mcu_core_system_microblaze_0/libsrc/uartlite_v3_0/src
make -C mcu_core_system_microblaze_0/libsrc/uartlite_v3_0/src -s libs  "SHELL=/bin/sh" "COMPILER=mb-gcc" "ARCHIVER=mb-ar" "COMPILER_FLAGS= -O2 -c -mcpu=v9.4 -mlittle-endian -mxl-soft-mul" "EXTRA_COMPILER_FLAGS=-g -ffunction-sections -fdata-sections"
Compiling uartlite
Finished building libraries
10:08:57 **** Auto Build of configuration Debug for project hello ****
make all 
Building file: ../src/platform.c
Invoking: MicroBlaze gcc compiler
mb-gcc -Wall -O0 -g3 -c -fmessage-length=0 -MT"src/platform.o" -I../../standalone_bsp_0/mcu_core_system_microblaze_0/include -mlittle-endian -mcpu=v9.4 -mxl-soft-mul -Wl,--no-relax -ffunction-sections -fdata-sections -MMD -MP -MF"src/platform.d" -MT"src/platform.d" -o "src/platform.o" "../src/platform.c"
../src/platform.c:45:27: fatal error: xuartns550_l.h: No such file or directory
  #include "xuartns550_l.h"
                           ^
compilation terminated.
make: *** [src/platform.o] Error 1
10:09:35 **** Build of configuration Debug for project hello ****
make all 
Building file: ../src/helloworld.c
Invoking: MicroBlaze gcc compiler
mb-gcc -Wall -O0 -g3 -c -fmessage-length=0 -MT"src/helloworld.o" -I../../standalone_bsp_0/mcu_core_system_microblaze_0/include -mlittle-endian -mcpu=v9.4 -mxl-soft-mul -Wl,--no-relax -ffunction-sections -fdata-sections -MMD -MP -MF"src/helloworld.d" -MT"src/helloworld.d" -o "src/helloworld.o" "../src/helloworld.c"
Finished building: ../src/helloworld.c
 
Building file: ../src/platform.c
Invoking: MicroBlaze gcc compiler
mb-gcc -Wall -O0 -g3 -c -fmessage-length=0 -MT"src/platform.o" -I../../standalone_bsp_0/mcu_core_system_microblaze_0/include -mlittle-endian -mcpu=v9.4 -mxl-soft-mul -Wl,--no-relax -ffunction-sections -fdata-sections -MMD -MP -MF"src/platform.d" -MT"src/platform.d" -o "src/platform.o" "../src/platform.c"
Finished building: ../src/platform.c
 
Building target: hello.elf
Invoking: MicroBlaze gcc linker
mb-gcc -Wl,-T -Wl,../src/lscript.ld -L../../standalone_bsp_0/mcu_core_system_microblaze_0/lib -mlittle-endian -mcpu=v9.4 -mxl-soft-mul -Wl,--no-relax -Wl,--gc-sections -o "hello.elf"  ./src/helloworld.o ./src/platform.o   -Wl,--start-group,-lxil,-lgcc,-lc,--end-group
Finished building target: hello.elf
 
Invoking: MicroBlaze Print Size
mb-size hello.elf  |tee "hello.elf.size"
   text	   data	    bss	    dec	    hex	filename
   3044	    324	   2088	   5456	   1550	hello.elf
Finished building: hello.elf.size
 
10:10:17 **** Incremental Build of configuration Debug for project hello ****
make all 
make: Nothing to be done for `all'.
10:10:20 **** Incremental Build of configuration Debug for project hello ****
make all 
make: Nothing to be done for `all'.
10:12:24 **** Incremental Build of configuration Debug for project hello ****
make all 
make: Nothing to be done for `all'.
10:13:47 **** Incremental Build of configuration Debug for project hello ****
make all 
make: Nothing to be done for `all'.
11:04:07 **** Auto Build of project standalone_bsp_0 ****
make -k all 
Running Make include in mcu_core_system_microblaze_0/libsrc/bram_v4_0/src
make -C mcu_core_system_microblaze_0/libsrc/bram_v4_0/src -s include  "SHELL=/bin/sh" "COMPILER=mb-gcc" "ARCHIVER=mb-ar" "COMPILER_FLAGS= -O2 -c -mcpu=v9.4 -mlittle-endian -mxl-soft-mul" "EXTRA_COMPILER_FLAGS=-g -ffunction-sections -fdata-sections"
Running Make include in mcu_core_system_microblaze_0/libsrc/cpu_v2_2/src
make -C mcu_core_system_microblaze_0/libsrc/cpu_v2_2/src -s include  "SHELL=/bin/sh" "COMPILER=mb-gcc" "ARCHIVER=mb-ar" "COMPILER_FLAGS= -O2 -c -mcpu=v9.4 -mlittle-endian -mxl-soft-mul" "EXTRA_COMPILER_FLAGS=-g -ffunction-sections -fdata-sections"
Running Make include in mcu_core_system_microblaze_0/libsrc/gpio_v4_0/src
make -C mcu_core_system_microblaze_0/libsrc/gpio_v4_0/src -s include  "SHELL=/bin/sh" "COMPILER=mb-gcc" "ARCHIVER=mb-ar" "COMPILER_FLAGS= -O2 -c -mcpu=v9.4 -mlittle-endian -mxl-soft-mul" "EXTRA_COMPILER_FLAGS=-g -ffunction-sections -fdata-sections"
Running Make include in mcu_core_system_microblaze_0/libsrc/intc_v3_2/src
make -C mcu_core_system_microblaze_0/libsrc/intc_v3_2/src -s include  "SHELL=/bin/sh" "COMPILER=mb-gcc" "ARCHIVER=mb-ar" "COMPILER_FLAGS= -O2 -c -mcpu=v9.4 -mlittle-endian -mxl-soft-mul" "EXTRA_COMPILER_FLAGS=-g -ffunction-sections -fdata-sections"
Running Make include in mcu_core_system_microblaze_0/libsrc/spi_v4_1/src
make -C mcu_core_system_microblaze_0/libsrc/spi_v4_1/src -s include  "SHELL=/bin/sh" "COMPILER=mb-gcc" "ARCHIVER=mb-ar" "COMPILER_FLAGS= -O2 -c -mcpu=v9.4 -mlittle-endian -mxl-soft-mul" "EXTRA_COMPILER_FLAGS=-g -ffunction-sections -fdata-sections"
Running Make include in mcu_core_system_microblaze_0/libsrc/standalone_v4_2/src
make -C mcu_core_system_microblaze_0/libsrc/standalone_v4_2/src -s include  "SHELL=/bin/sh" "COMPILER=mb-gcc" "ARCHIVER=mb-ar" "COMPILER_FLAGS= -O2 -c -mcpu=v9.4 -mlittle-endian -mxl-soft-mul" "EXTRA_COMPILER_FLAGS=-g -ffunction-sections -fdata-sections"
Running Make include in mcu_core_system_microblaze_0/libsrc/tmrctr_v3_0/src
make -C mcu_core_system_microblaze_0/libsrc/tmrctr_v3_0/src -s include  "SHELL=/bin/sh" "COMPILER=mb-gcc" "ARCHIVER=mb-ar" "COMPILER_FLAGS= -O2 -c -mcpu=v9.4 -mlittle-endian -mxl-soft-mul" "EXTRA_COMPILER_FLAGS=-g -ffunction-sections -fdata-sections"
Running Make include in mcu_core_system_microblaze_0/libsrc/uartlite_v3_0/src
make -C mcu_core_system_microblaze_0/libsrc/uartlite_v3_0/src -s include  "SHELL=/bin/sh" "COMPILER=mb-gcc" "ARCHIVER=mb-ar" "COMPILER_FLAGS= -O2 -c -mcpu=v9.4 -mlittle-endian -mxl-soft-mul" "EXTRA_COMPILER_FLAGS=-g -ffunction-sections -fdata-sections"
Running Make libs in mcu_core_system_microblaze_0/libsrc/bram_v4_0/src
make -C mcu_core_system_microblaze_0/libsrc/bram_v4_0/src -s libs  "SHELL=/bin/sh" "COMPILER=mb-gcc" "ARCHIVER=mb-ar" "COMPILER_FLAGS= -O2 -c -mcpu=v9.4 -mlittle-endian -mxl-soft-mul" "EXTRA_COMPILER_FLAGS=-g -ffunction-sections -fdata-sections"
Compiling bram
Running Make libs in mcu_core_system_microblaze_0/libsrc/cpu_v2_2/src
make -C mcu_core_system_microblaze_0/libsrc/cpu_v2_2/src -s libs  "SHELL=/bin/sh" "COMPILER=mb-gcc" "ARCHIVER=mb-ar" "COMPILER_FLAGS= -O2 -c -mcpu=v9.4 -mlittle-endian -mxl-soft-mul" "EXTRA_COMPILER_FLAGS=-g -ffunction-sections -fdata-sections"
Compiling cpu
Running Make libs in mcu_core_system_microblaze_0/libsrc/gpio_v4_0/src
make -C mcu_core_system_microblaze_0/libsrc/gpio_v4_0/src -s libs  "SHELL=/bin/sh" "COMPILER=mb-gcc" "ARCHIVER=mb-ar" "COMPILER_FLAGS= -O2 -c -mcpu=v9.4 -mlittle-endian -mxl-soft-mul" "EXTRA_COMPILER_FLAGS=-g -ffunction-sections -fdata-sections"
Compiling gpio
Running Make libs in mcu_core_system_microblaze_0/libsrc/intc_v3_2/src
make -C mcu_core_system_microblaze_0/libsrc/intc_v3_2/src -s libs  "SHELL=/bin/sh" "COMPILER=mb-gcc" "ARCHIVER=mb-ar" "COMPILER_FLAGS= -O2 -c -mcpu=v9.4 -mlittle-endian -mxl-soft-mul" "EXTRA_COMPILER_FLAGS=-g -ffunction-sections -fdata-sections"
Compiling intc
Running Make libs in mcu_core_system_microblaze_0/libsrc/spi_v4_1/src
make -C mcu_core_system_microblaze_0/libsrc/spi_v4_1/src -s libs  "SHELL=/bin/sh" "COMPILER=mb-gcc" "ARCHIVER=mb-ar" "COMPILER_FLAGS= -O2 -c -mcpu=v9.4 -mlittle-endian -mxl-soft-mul" "EXTRA_COMPILER_FLAGS=-g -ffunction-sections -fdata-sections"
Compiling spi
Running Make libs in mcu_core_system_microblaze_0/libsrc/standalone_v4_2/src
make -C mcu_core_system_microblaze_0/libsrc/standalone_v4_2/src -s libs  "SHELL=/bin/sh" "COMPILER=mb-gcc" "ARCHIVER=mb-ar" "COMPILER_FLAGS= -O2 -c -mcpu=v9.4 -mlittle-endian -mxl-soft-mul" "EXTRA_COMPILER_FLAGS=-g -ffunction-sections -fdata-sections"
Compiling standalone
Running Make libs in mcu_core_system_microblaze_0/libsrc/tmrctr_v3_0/src
make -C mcu_core_system_microblaze_0/libsrc/tmrctr_v3_0/src -s libs  "SHELL=/bin/sh" "COMPILER=mb-gcc" "ARCHIVER=mb-ar" "COMPILER_FLAGS= -O2 -c -mcpu=v9.4 -mlittle-endian -mxl-soft-mul" "EXTRA_COMPILER_FLAGS=-g -ffunction-sections -fdata-sections"
Compiling tmrctr
Running Make libs in mcu_core_system_microblaze_0/libsrc/uartlite_v3_0/src
make -C mcu_core_system_microblaze_0/libsrc/uartlite_v3_0/src -s libs  "SHELL=/bin/sh" "COMPILER=mb-gcc" "ARCHIVER=mb-ar" "COMPILER_FLAGS= -O2 -c -mcpu=v9.4 -mlittle-endian -mxl-soft-mul" "EXTRA_COMPILER_FLAGS=-g -ffunction-sections -fdata-sections"
Compiling uartlite
Finished building libraries
11:04:11 **** Auto Build of configuration Debug for project hello ****
make all 
Building file: ../src/platform.c
Invoking: MicroBlaze gcc compiler
mb-gcc -Wall -O0 -g3 -c -fmessage-length=0 -MT"src/platform.o" -I../../standalone_bsp_0/mcu_core_system_microblaze_0/include -mlittle-endian -mcpu=v9.4 -mxl-soft-mul -Wl,--no-relax -ffunction-sections -fdata-sections -MMD -MP -MF"src/platform.d" -MT"src/platform.d" -o "src/platform.o" "../src/platform.c"
Finished building: ../src/platform.c
 
Building target: hello.elf
Invoking: MicroBlaze gcc linker
mb-gcc -Wl,-T -Wl,../src/lscript.ld -L../../standalone_bsp_0/mcu_core_system_microblaze_0/lib -mlittle-endian -mcpu=v9.4 -mxl-soft-mul -Wl,--no-relax -Wl,--gc-sections -o "hello.elf"  ./src/helloworld.o ./src/platform.o   -Wl,--start-group,-lxil,-lgcc,-lc,--end-group
Finished building target: hello.elf
 
Invoking: MicroBlaze Print Size
mb-size hello.elf  |tee "hello.elf.size"
   text	   data	    bss	    dec	    hex	filename
   3044	    324	   2088	   5456	   1550	hello.elf
Finished building: hello.elf.size
 
11:04:51 **** Incremental Build of configuration Debug for project hello ****
make all 
make: Nothing to be done for `all'.
11:05:57 **** Auto Build of configuration Debug for project hello ****
make all 
Building file: ../src/helloworld.c
Invoking: MicroBlaze gcc compiler
mb-gcc -Wall -O0 -g3 -c -fmessage-length=0 -MT"src/helloworld.o" -I../../standalone_bsp_0/mcu_core_system_microblaze_0/include -mlittle-endian -mcpu=v9.4 -mxl-soft-mul -Wl,--no-relax -ffunction-sections -fdata-sections -MMD -MP -MF"src/helloworld.d" -MT"src/helloworld.d" -o "src/helloworld.o" "../src/helloworld.c"
Finished building: ../src/helloworld.c
 
Building target: hello.elf
Invoking: MicroBlaze gcc linker
mb-gcc -Wl,-T -Wl,../src/lscript.ld -L../../standalone_bsp_0/mcu_core_system_microblaze_0/lib -mlittle-endian -mcpu=v9.4 -mxl-soft-mul -Wl,--no-relax -Wl,--gc-sections -o "hello.elf"  ./src/helloworld.o ./src/platform.o   -Wl,--start-group,-lxil,-lgcc,-lc,--end-group
Finished building target: hello.elf
 
Invoking: MicroBlaze Print Size
mb-size hello.elf  |tee "hello.elf.size"
   text	   data	    bss	    dec	    hex	filename
   3044	    324	   2088	   5456	   1550	hello.elf
Finished building: hello.elf.size
 
11:06:29 **** Auto Build of configuration Debug for project hello ****
make all 
Building file: ../src/helloworld.c
Invoking: MicroBlaze gcc compiler
mb-gcc -Wall -O0 -g3 -c -fmessage-length=0 -MT"src/helloworld.o" -I../../standalone_bsp_0/mcu_core_system_microblaze_0/include -mlittle-endian -mcpu=v9.4 -mxl-soft-mul -Wl,--no-relax -ffunction-sections -fdata-sections -MMD -MP -MF"src/helloworld.d" -MT"src/helloworld.d" -o "src/helloworld.o" "../src/helloworld.c"
../src/helloworld.c: In function 'main':
../src/helloworld.c:59:5: warning: implicit declaration of function 'delay' [-Wimplicit-function-declaration]
     delay(1000);
     ^
Finished building: ../src/helloworld.c
 
Building target: hello.elf
Invoking: MicroBlaze gcc linker
mb-gcc -Wl,-T -Wl,../src/lscript.ld -L../../standalone_bsp_0/mcu_core_system_microblaze_0/lib -mlittle-endian -mcpu=v9.4 -mxl-soft-mul -Wl,--no-relax -Wl,--gc-sections -o "hello.elf"  ./src/helloworld.o ./src/platform.o   -Wl,--start-group,-lxil,-lgcc,-lc,--end-group
./src/helloworld.o: In function `main':
/home/kjell/fpga_dev/fpga_mcu_main/sdk/hello/Debug/../src/helloworld.c:59: undefined reference to `delay'
collect2: error: ld returned 1 exit status
make: *** [hello.elf] Error 1
11:06:34 **** Incremental Build of configuration Debug for project hello ****
make all 
Building target: hello.elf
Invoking: MicroBlaze gcc linker
mb-gcc -Wl,-T -Wl,../src/lscript.ld -L../../standalone_bsp_0/mcu_core_system_microblaze_0/lib -mlittle-endian -mcpu=v9.4 -mxl-soft-mul -Wl,--no-relax -Wl,--gc-sections -o "hello.elf"  ./src/helloworld.o ./src/platform.o   -Wl,--start-group,-lxil,-lgcc,-lc,--end-group
./src/helloworld.o: In function `main':
/home/kjell/fpga_dev/fpga_mcu_main/sdk/hello/Debug/../src/helloworld.c:59: undefined reference to `delay'
collect2: error: ld returned 1 exit status
make: *** [hello.elf] Error 1
11:07:35 **** Auto Build of configuration Debug for project hello ****
make all 
Building file: ../src/helloworld.c
Invoking: MicroBlaze gcc compiler
mb-gcc -Wall -O0 -g3 -c -fmessage-length=0 -MT"src/helloworld.o" -I../../standalone_bsp_0/mcu_core_system_microblaze_0/include -mlittle-endian -mcpu=v9.4 -mxl-soft-mul -Wl,--no-relax -ffunction-sections -fdata-sections -MMD -MP -MF"src/helloworld.d" -MT"src/helloworld.d" -o "src/helloworld.o" "../src/helloworld.c"
Finished building: ../src/helloworld.c
 
Building target: hello.elf
Invoking: MicroBlaze gcc linker
mb-gcc -Wl,-T -Wl,../src/lscript.ld -L../../standalone_bsp_0/mcu_core_system_microblaze_0/lib -mlittle-endian -mcpu=v9.4 -mxl-soft-mul -Wl,--no-relax -Wl,--gc-sections -o "hello.elf"  ./src/helloworld.o ./src/platform.o   -Wl,--start-group,-lxil,-lgcc,-lc,--end-group
Finished building target: hello.elf
 
Invoking: MicroBlaze Print Size
mb-size hello.elf  |tee "hello.elf.size"
   text	   data	    bss	    dec	    hex	filename
   3080	    324	   2084	   5488	   1570	hello.elf
Finished building: hello.elf.size
 
11:08:32 **** Auto Build of configuration Debug for project hello ****
make all 
Building file: ../src/helloworld.c
Invoking: MicroBlaze gcc compiler
mb-gcc -Wall -O0 -g3 -c -fmessage-length=0 -MT"src/helloworld.o" -I../../standalone_bsp_0/mcu_core_system_microblaze_0/include -mlittle-endian -mcpu=v9.4 -mxl-soft-mul -Wl,--no-relax -ffunction-sections -fdata-sections -MMD -MP -MF"src/helloworld.d" -MT"src/helloworld.d" -o "src/helloworld.o" "../src/helloworld.c"
Finished building: ../src/helloworld.c
 
Building target: hello.elf
Invoking: MicroBlaze gcc linker
mb-gcc -Wl,-T -Wl,../src/lscript.ld -L../../standalone_bsp_0/mcu_core_system_microblaze_0/lib -mlittle-endian -mcpu=v9.4 -mxl-soft-mul -Wl,--no-relax -Wl,--gc-sections -o "hello.elf"  ./src/helloworld.o ./src/platform.o   -Wl,--start-group,-lxil,-lgcc,-lc,--end-group
Finished building target: hello.elf
 
Invoking: MicroBlaze Print Size
mb-size hello.elf  |tee "hello.elf.size"
   text	   data	    bss	    dec	    hex	filename
   3044	    324	   2088	   5456	   1550	hello.elf
Finished building: hello.elf.size
 
11:09:30 **** Auto Build of configuration Debug for project hello ****
make all 
Building file: ../src/helloworld.c
Invoking: MicroBlaze gcc compiler
mb-gcc -Wall -O0 -g3 -c -fmessage-length=0 -MT"src/helloworld.o" -I../../standalone_bsp_0/mcu_core_system_microblaze_0/include -mlittle-endian -mcpu=v9.4 -mxl-soft-mul -Wl,--no-relax -ffunction-sections -fdata-sections -MMD -MP -MF"src/helloworld.d" -MT"src/helloworld.d" -o "src/helloworld.o" "../src/helloworld.c"
Finished building: ../src/helloworld.c
 
Building target: hello.elf
Invoking: MicroBlaze gcc linker
mb-gcc -Wl,-T -Wl,../src/lscript.ld -L../../standalone_bsp_0/mcu_core_system_microblaze_0/lib -mlittle-endian -mcpu=v9.4 -mxl-soft-mul -Wl,--no-relax -Wl,--gc-sections -o "hello.elf"  ./src/helloworld.o ./src/platform.o   -Wl,--start-group,-lxil,-lgcc,-lc,--end-group
Finished building target: hello.elf
 
Invoking: MicroBlaze Print Size
mb-size hello.elf  |tee "hello.elf.size"
   text	   data	    bss	    dec	    hex	filename
   3044	    324	   2088	   5456	   1550	hello.elf
Finished building: hello.elf.size
 
11:11:02 **** Auto Build of configuration Debug for project hello ****
make all 
Building file: ../src/helloworld.c
Invoking: MicroBlaze gcc compiler
mb-gcc -Wall -O0 -g3 -c -fmessage-length=0 -MT"src/helloworld.o" -I../../standalone_bsp_0/mcu_core_system_microblaze_0/include -mlittle-endian -mcpu=v9.4 -mxl-soft-mul -Wl,--no-relax -ffunction-sections -fdata-sections -MMD -MP -MF"src/helloworld.d" -MT"src/helloworld.d" -o "src/helloworld.o" "../src/helloworld.c"
../src/helloworld.c: In function 'main':
../src/helloworld.c:67:28: error: expected expression before ')' token
     XSpi_Initialize(&spi0, )
                            ^
make: *** [src/helloworld.o] Error 1
11:11:10 **** Auto Build of configuration Debug for project hello ****
make all 
Building file: ../src/helloworld.c
Invoking: MicroBlaze gcc compiler
mb-gcc -Wall -O0 -g3 -c -fmessage-length=0 -MT"src/helloworld.o" -I../../standalone_bsp_0/mcu_core_system_microblaze_0/include -mlittle-endian -mcpu=v9.4 -mxl-soft-mul -Wl,--no-relax -ffunction-sections -fdata-sections -MMD -MP -MF"src/helloworld.d" -MT"src/helloworld.d" -o "src/helloworld.o" "../src/helloworld.c"
Finished building: ../src/helloworld.c
 
Building target: hello.elf
Invoking: MicroBlaze gcc linker
mb-gcc -Wl,-T -Wl,../src/lscript.ld -L../../standalone_bsp_0/mcu_core_system_microblaze_0/lib -mlittle-endian -mcpu=v9.4 -mxl-soft-mul -Wl,--no-relax -Wl,--gc-sections -o "hello.elf"  ./src/helloworld.o ./src/platform.o   -Wl,--start-group,-lxil,-lgcc,-lc,--end-group
Finished building target: hello.elf
 
Invoking: MicroBlaze Print Size
mb-size hello.elf  |tee "hello.elf.size"
   text	   data	    bss	    dec	    hex	filename
   3972	    356	   2208	   6536	   1988	hello.elf
Finished building: hello.elf.size
 
11:12:56 **** Build of configuration Debug for project test_spi ****
make all 
Building file: ../src/testperiph.c
Invoking: MicroBlaze gcc compiler
mb-gcc -Wall -O0 -g3 -c -fmessage-length=0 -MT"src/testperiph.o" -I../../standalone_bsp_0/mcu_core_system_microblaze_0/include -mlittle-endian -mcpu=v9.4 -mxl-soft-mul -Wl,--no-relax -ffunction-sections -fdata-sections -MMD -MP -MF"src/testperiph.d" -MT"src/testperiph.d" -o "src/testperiph.o" "../src/testperiph.c"
Finished building: ../src/testperiph.c
 
Building file: ../src/xgpio_tapp_example.c
Invoking: MicroBlaze gcc compiler
mb-gcc -Wall -O0 -g3 -c -fmessage-length=0 -MT"src/xgpio_tapp_example.o" -I../../standalone_bsp_0/mcu_core_system_microblaze_0/include -mlittle-endian -mcpu=v9.4 -mxl-soft-mul -Wl,--no-relax -ffunction-sections -fdata-sections -MMD -MP -MF"src/xgpio_tapp_example.d" -MT"src/xgpio_tapp_example.d" -o "src/xgpio_tapp_example.o" "../src/xgpio_tapp_example.c"
../src/xgpio_tapp_example.c: In function 'GpioOutputExample':
../src/xgpio_tapp_example.c:172:6: warning: unused variable 'Data' [-Wunused-variable]
  u32 Data;
      ^
Finished building: ../src/xgpio_tapp_example.c
 
Building file: ../src/xintc_tapp_example.c
Invoking: MicroBlaze gcc compiler
mb-gcc -Wall -O0 -g3 -c -fmessage-length=0 -MT"src/xintc_tapp_example.o" -I../../standalone_bsp_0/mcu_core_system_microblaze_0/include -mlittle-endian -mcpu=v9.4 -mxl-soft-mul -Wl,--no-relax -ffunction-sections -fdata-sections -MMD -MP -MF"src/xintc_tapp_example.d" -MT"src/xintc_tapp_example.d" -o "src/xintc_tapp_example.o" "../src/xintc_tapp_example.c"
Finished building: ../src/xintc_tapp_example.c
 
Building file: ../src/xspi_intr_example.c
Invoking: MicroBlaze gcc compiler
mb-gcc -Wall -O0 -g3 -c -fmessage-length=0 -MT"src/xspi_intr_example.o" -I../../standalone_bsp_0/mcu_core_system_microblaze_0/include -mlittle-endian -mcpu=v9.4 -mxl-soft-mul -Wl,--no-relax -ffunction-sections -fdata-sections -MMD -MP -MF"src/xspi_intr_example.d" -MT"src/xspi_intr_example.d" -o "src/xspi_intr_example.o" "../src/xspi_intr_example.c"
Finished building: ../src/xspi_intr_example.c
 
Building file: ../src/xspi_selftest_example.c
Invoking: MicroBlaze gcc compiler
mb-gcc -Wall -O0 -g3 -c -fmessage-length=0 -MT"src/xspi_selftest_example.o" -I../../standalone_bsp_0/mcu_core_system_microblaze_0/include -mlittle-endian -mcpu=v9.4 -mxl-soft-mul -Wl,--no-relax -ffunction-sections -fdata-sections -MMD -MP -MF"src/xspi_selftest_example.d" -MT"src/xspi_selftest_example.d" -o "src/xspi_selftest_example.o" "../src/xspi_selftest_example.c"
Finished building: ../src/xspi_selftest_example.c
 
Building file: ../src/xtmrctr_intr_example.c
Invoking: MicroBlaze gcc compiler
mb-gcc -Wall -O0 -g3 -c -fmessage-length=0 -MT"src/xtmrctr_intr_example.o" -I../../standalone_bsp_0/mcu_core_system_microblaze_0/include -mlittle-endian -mcpu=v9.4 -mxl-soft-mul -Wl,--no-relax -ffunction-sections -fdata-sections -MMD -MP -MF"src/xtmrctr_intr_example.d" -MT"src/xtmrctr_intr_example.d" -o "src/xtmrctr_intr_example.o" "../src/xtmrctr_intr_example.c"
Finished building: ../src/xtmrctr_intr_example.c
 
Building file: ../src/xtmrctr_selftest_example.c
Invoking: MicroBlaze gcc compiler
mb-gcc -Wall -O0 -g3 -c -fmessage-length=0 -MT"src/xtmrctr_selftest_example.o" -I../../standalone_bsp_0/mcu_core_system_microblaze_0/include -mlittle-endian -mcpu=v9.4 -mxl-soft-mul -Wl,--no-relax -ffunction-sections -fdata-sections -MMD -MP -MF"src/xtmrctr_selftest_example.d" -MT"src/xtmrctr_selftest_example.d" -o "src/xtmrctr_selftest_example.o" "../src/xtmrctr_selftest_example.c"
Finished building: ../src/xtmrctr_selftest_example.c
 
Building file: ../src/xuartlite_selftest_example.c
Invoking: MicroBlaze gcc compiler
mb-gcc -Wall -O0 -g3 -c -fmessage-length=0 -MT"src/xuartlite_selftest_example.o" -I../../standalone_bsp_0/mcu_core_system_microblaze_0/include -mlittle-endian -mcpu=v9.4 -mxl-soft-mul -Wl,--no-relax -ffunction-sections -fdata-sections -MMD -MP -MF"src/xuartlite_selftest_example.d" -MT"src/xuartlite_selftest_example.d" -o "src/xuartlite_selftest_example.o" "../src/xuartlite_selftest_example.c"
Finished building: ../src/xuartlite_selftest_example.c
 
Building target: test_spi.elf
Invoking: MicroBlaze gcc linker
mb-gcc -Wl,-T -Wl,../src/lscript.ld -L../../standalone_bsp_0/mcu_core_system_microblaze_0/lib -mlittle-endian -mcpu=v9.4 -mxl-soft-mul -Wl,--no-relax -Wl,--gc-sections -o "test_spi.elf"  ./src/testperiph.o ./src/xgpio_tapp_example.o ./src/xintc_tapp_example.o ./src/xspi_intr_example.o ./src/xspi_selftest_example.o ./src/xtmrctr_intr_example.o ./src/xtmrctr_selftest_example.o ./src/xuartlite_selftest_example.o   -Wl,--start-group,-lxil,-lgcc,-lc,--end-group
Finished building target: test_spi.elf
 
Invoking: MicroBlaze Print Size
mb-size test_spi.elf  |tee "test_spi.elf.size"
   text	   data	    bss	    dec	    hex	filename
  19080	    416	   2640	  22136	   5678	test_spi.elf
Finished building: test_spi.elf.size
 
11:15:22 **** Auto Build of configuration Debug for project hello ****
make all 
Building file: ../src/helloworld.c
Invoking: MicroBlaze gcc compiler
mb-gcc -Wall -O0 -g3 -c -fmessage-length=0 -MT"src/helloworld.o" -I../../standalone_bsp_0/mcu_core_system_microblaze_0/include -mlittle-endian -mcpu=v9.4 -mxl-soft-mul -Wl,--no-relax -ffunction-sections -fdata-sections -MMD -MP -MF"src/helloworld.d" -MT"src/helloworld.d" -o "src/helloworld.o" "../src/helloworld.c"
Finished building: ../src/helloworld.c
 
Building target: hello.elf
Invoking: MicroBlaze gcc linker
mb-gcc -Wl,-T -Wl,../src/lscript.ld -L../../standalone_bsp_0/mcu_core_system_microblaze_0/lib -mlittle-endian -mcpu=v9.4 -mxl-soft-mul -Wl,--no-relax -Wl,--gc-sections -o "hello.elf"  ./src/helloworld.o ./src/platform.o   -Wl,--start-group,-lxil,-lgcc,-lc,--end-group
Finished building target: hello.elf
 
Invoking: MicroBlaze Print Size
mb-size hello.elf  |tee "hello.elf.size"
   text	   data	    bss	    dec	    hex	filename
   3972	    356	   2216	   6544	   1990	hello.elf
Finished building: hello.elf.size
 
11:16:58 **** Auto Build of configuration Debug for project hello ****
make all 
Building file: ../src/helloworld.c
Invoking: MicroBlaze gcc compiler
mb-gcc -Wall -O0 -g3 -c -fmessage-length=0 -MT"src/helloworld.o" -I../../standalone_bsp_0/mcu_core_system_microblaze_0/include -mlittle-endian -mcpu=v9.4 -mxl-soft-mul -Wl,--no-relax -ffunction-sections -fdata-sections -MMD -MP -MF"src/helloworld.d" -MT"src/helloworld.d" -o "src/helloworld.o" "../src/helloworld.c"
../src/helloworld.c: In function 'main':
../src/helloworld.c:71:2: error: 'Status' undeclared (first use in this function)
  Status = SpiSetupIntrSystem(IntcInstancePtr,
  ^
../src/helloworld.c:71:2: note: each undeclared identifier is reported only once for each function it appears in
../src/helloworld.c:71:2: warning: implicit declaration of function 'SpiSetupIntrSystem' [-Wimplicit-function-declaration]
../src/helloworld.c:71:30: error: 'IntcInstancePtr' undeclared (first use in this function)
  Status = SpiSetupIntrSystem(IntcInstancePtr,
                              ^
../src/helloworld.c:72:6: error: 'SpiInstancePtr' undeclared (first use in this function)
      SpiInstancePtr,
      ^
../src/helloworld.c:73:7: error: 'SpiIntrId' undeclared (first use in this function)
       SpiIntrId);
       ^
make: *** [src/helloworld.o] Error 1
11:17:31 **** Auto Build of configuration Debug for project hello ****
make all 
Building file: ../src/helloworld.c
Invoking: MicroBlaze gcc compiler
mb-gcc -Wall -O0 -g3 -c -fmessage-length=0 -MT"src/helloworld.o" -I../../standalone_bsp_0/mcu_core_system_microblaze_0/include -mlittle-endian -mcpu=v9.4 -mxl-soft-mul -Wl,--no-relax -ffunction-sections -fdata-sections -MMD -MP -MF"src/helloworld.d" -MT"src/helloworld.d" -o "src/helloworld.o" "../src/helloworld.c"
../src/helloworld.c: In function 'main':
../src/helloworld.c:71:2: error: 'Status' undeclared (first use in this function)
  Status = SpiSetupIntrSystem(&intc,
  ^
../src/helloworld.c:71:2: note: each undeclared identifier is reported only once for each function it appears in
../src/helloworld.c:71:2: warning: implicit declaration of function 'SpiSetupIntrSystem' [-Wimplicit-function-declaration]
../src/helloworld.c:73:7: error: 'SpiIntrId' undeclared (first use in this function)
       SpiIntrId);
       ^
make: *** [src/helloworld.o] Error 1
11:20:11 **** Auto Build of configuration Debug for project hello ****
make all 
Building file: ../src/helloworld.c
Invoking: MicroBlaze gcc compiler
mb-gcc -Wall -O0 -g3 -c -fmessage-length=0 -MT"src/helloworld.o" -I../../standalone_bsp_0/mcu_core_system_microblaze_0/include -mlittle-endian -mcpu=v9.4 -mxl-soft-mul -Wl,--no-relax -ffunction-sections -fdata-sections -MMD -MP -MF"src/helloworld.d" -MT"src/helloworld.d" -o "src/helloworld.o" "../src/helloworld.c"
../src/helloworld.c: In function 'main':
../src/helloworld.c:71:2: error: 'Status' undeclared (first use in this function)
  Status = SpiSetupIntrSystem(&intc,
  ^
../src/helloworld.c:71:2: note: each undeclared identifier is reported only once for each function it appears in
../src/helloworld.c:71:2: warning: implicit declaration of function 'SpiSetupIntrSystem' [-Wimplicit-function-declaration]
make: *** [src/helloworld.o] Error 1
11:20:22 **** Auto Build of configuration Debug for project hello ****
make all 
Building file: ../src/helloworld.c
Invoking: MicroBlaze gcc compiler
mb-gcc -Wall -O0 -g3 -c -fmessage-length=0 -MT"src/helloworld.o" -I../../standalone_bsp_0/mcu_core_system_microblaze_0/include -mlittle-endian -mcpu=v9.4 -mxl-soft-mul -Wl,--no-relax -ffunction-sections -fdata-sections -MMD -MP -MF"src/helloworld.d" -MT"src/helloworld.d" -o "src/helloworld.o" "../src/helloworld.c"
../src/helloworld.c: In function 'main':
../src/helloworld.c:73:2: warning: implicit declaration of function 'SpiSetupIntrSystem' [-Wimplicit-function-declaration]
  Status = SpiSetupIntrSystem(&intc,
  ^
Finished building: ../src/helloworld.c
 
Building target: hello.elf
Invoking: MicroBlaze gcc linker
mb-gcc -Wl,-T -Wl,../src/lscript.ld -L../../standalone_bsp_0/mcu_core_system_microblaze_0/lib -mlittle-endian -mcpu=v9.4 -mxl-soft-mul -Wl,--no-relax -Wl,--gc-sections -o "hello.elf"  ./src/helloworld.o ./src/platform.o   -Wl,--start-group,-lxil,-lgcc,-lc,--end-group
./src/helloworld.o: In function `main':
/home/kjell/fpga_dev/fpga_mcu_main/sdk/hello/Debug/../src/helloworld.c:73: undefined reference to `SpiSetupIntrSystem'
collect2: error: ld returned 1 exit status
make: *** [hello.elf] Error 1
11:20:49 **** Auto Build of configuration Debug for project hello ****
make all 
Building file: ../src/helloworld.c
Invoking: MicroBlaze gcc compiler
mb-gcc -Wall -O0 -g3 -c -fmessage-length=0 -MT"src/helloworld.o" -I../../standalone_bsp_0/mcu_core_system_microblaze_0/include -mlittle-endian -mcpu=v9.4 -mxl-soft-mul -Wl,--no-relax -ffunction-sections -fdata-sections -MMD -MP -MF"src/helloworld.d" -MT"src/helloworld.d" -o "src/helloworld.o" "../src/helloworld.c"
../src/helloworld.c: In function 'main':
../src/helloworld.c:74:2: warning: implicit declaration of function 'SpiSetupIntrSystem' [-Wimplicit-function-declaration]
  Status = SpiSetupIntrSystem(&intc,
  ^
Finished building: ../src/helloworld.c
 
Building target: hello.elf
Invoking: MicroBlaze gcc linker
mb-gcc -Wl,-T -Wl,../src/lscript.ld -L../../standalone_bsp_0/mcu_core_system_microblaze_0/lib -mlittle-endian -mcpu=v9.4 -mxl-soft-mul -Wl,--no-relax -Wl,--gc-sections -o "hello.elf"  ./src/helloworld.o ./src/platform.o   -Wl,--start-group,-lxil,-lgcc,-lc,--end-group
./src/helloworld.o: In function `main':
/home/kjell/fpga_dev/fpga_mcu_main/sdk/hello/Debug/../src/helloworld.c:74: undefined reference to `SpiSetupIntrSystem'
collect2: error: ld returned 1 exit status
make: *** [hello.elf] Error 1
11:21:18 **** Auto Build of configuration Debug for project hello ****
make all 
Building file: ../src/helloworld.c
Invoking: MicroBlaze gcc compiler
mb-gcc -Wall -O0 -g3 -c -fmessage-length=0 -MT"src/helloworld.o" -I../../standalone_bsp_0/mcu_core_system_microblaze_0/include -mlittle-endian -mcpu=v9.4 -mxl-soft-mul -Wl,--no-relax -ffunction-sections -fdata-sections -MMD -MP -MF"src/helloworld.d" -MT"src/helloworld.d" -o "src/helloworld.o" "../src/helloworld.c"
../src/helloworld.c:56:31: error: unknown type name 'INTC'
 static int SpiSetupIntrSystem(INTC *IntcInstancePtr, XSpi *SpiInstancePtr,
                               ^
../src/helloworld.c: In function 'main':
../src/helloworld.c:76:2: warning: implicit declaration of function 'SpiSetupIntrSystem' [-Wimplicit-function-declaration]
  Status = SpiSetupIntrSystem(&intc,
  ^
make: *** [src/helloworld.o] Error 1
11:22:06 **** Auto Build of configuration Debug for project hello ****
make all 
Building file: ../src/helloworld.c
Invoking: MicroBlaze gcc compiler
mb-gcc -Wall -O0 -g3 -c -fmessage-length=0 -MT"src/helloworld.o" -I../../standalone_bsp_0/mcu_core_system_microblaze_0/include -mlittle-endian -mcpu=v9.4 -mxl-soft-mul -Wl,--no-relax -ffunction-sections -fdata-sections -MMD -MP -MF"src/helloworld.d" -MT"src/helloworld.d" -o "src/helloworld.o" "../src/helloworld.c"
../src/helloworld.c:56:12: warning: 'SpiSetupIntrSystem' used but never defined [enabled by default]
 static int SpiSetupIntrSystem(XIntc *IntcInstancePtr, XSpi *SpiInstancePtr,
            ^
Finished building: ../src/helloworld.c
 
Building target: hello.elf
Invoking: MicroBlaze gcc linker
mb-gcc -Wl,-T -Wl,../src/lscript.ld -L../../standalone_bsp_0/mcu_core_system_microblaze_0/lib -mlittle-endian -mcpu=v9.4 -mxl-soft-mul -Wl,--no-relax -Wl,--gc-sections -o "hello.elf"  ./src/helloworld.o ./src/platform.o   -Wl,--start-group,-lxil,-lgcc,-lc,--end-group
./src/helloworld.o: In function `main':
/home/kjell/fpga_dev/fpga_mcu_main/sdk/hello/Debug/../src/helloworld.c:76: undefined reference to `SpiSetupIntrSystem'
collect2: error: ld returned 1 exit status
make: *** [hello.elf] Error 1
11:23:04 **** Auto Build of configuration Debug for project hello ****
make all 
Building file: ../src/helloworld.c
Invoking: MicroBlaze gcc compiler
mb-gcc -Wall -O0 -g3 -c -fmessage-length=0 -MT"src/helloworld.o" -I../../standalone_bsp_0/mcu_core_system_microblaze_0/include -mlittle-endian -mcpu=v9.4 -mxl-soft-mul -Wl,--no-relax -ffunction-sections -fdata-sections -MMD -MP -MF"src/helloworld.d" -MT"src/helloworld.d" -o "src/helloworld.o" "../src/helloworld.c"
../src/helloworld.c: In function 'SpiIntrHandler':
../src/helloworld.c:123:3: error: 'Error' undeclared (first use in this function)
   Error++;
   ^
../src/helloworld.c:123:3: note: each undeclared identifier is reported only once for each function it appears in
../src/helloworld.c: At top level:
../src/helloworld.c:148:31: error: unknown type name 'INTC'
 static int SpiSetupIntrSystem(INTC *IntcInstancePtr, XSpi *SpiInstancePtr,
                               ^
../src/helloworld.c:56:12: warning: 'SpiSetupIntrSystem' used but never defined [enabled by default]
 static int SpiSetupIntrSystem(XIntc *IntcInstancePtr, XSpi *SpiInstancePtr,
            ^
make: *** [src/helloworld.o] Error 1
11:23:30 **** Auto Build of configuration Debug for project hello ****
make all 
Building file: ../src/helloworld.c
Invoking: MicroBlaze gcc compiler
mb-gcc -Wall -O0 -g3 -c -fmessage-length=0 -MT"src/helloworld.o" -I../../standalone_bsp_0/mcu_core_system_microblaze_0/include -mlittle-endian -mcpu=v9.4 -mxl-soft-mul -Wl,--no-relax -ffunction-sections -fdata-sections -MMD -MP -MF"src/helloworld.d" -MT"src/helloworld.d" -o "src/helloworld.o" "../src/helloworld.c"
../src/helloworld.c:149:31: error: unknown type name 'INTC'
 static int SpiSetupIntrSystem(INTC *IntcInstancePtr, XSpi *SpiInstancePtr,
                               ^
../src/helloworld.c:56:12: warning: 'SpiSetupIntrSystem' used but never defined [enabled by default]
 static int SpiSetupIntrSystem(XIntc *IntcInstancePtr, XSpi *SpiInstancePtr,
            ^
make: *** [src/helloworld.o] Error 1
11:23:47 **** Auto Build of configuration Debug for project hello ****
make all 
Building file: ../src/helloworld.c
Invoking: MicroBlaze gcc compiler
mb-gcc -Wall -O0 -g3 -c -fmessage-length=0 -MT"src/helloworld.o" -I../../standalone_bsp_0/mcu_core_system_microblaze_0/include -mlittle-endian -mcpu=v9.4 -mxl-soft-mul -Wl,--no-relax -ffunction-sections -fdata-sections -MMD -MP -MF"src/helloworld.d" -MT"src/helloworld.d" -o "src/helloworld.o" "../src/helloworld.c"
../src/helloworld.c: In function 'SpiSetupIntrSystem':
../src/helloworld.c:160:45: error: 'INTC_DEVICE_ID' undeclared (first use in this function)
  Status = XIntc_Initialize(IntcInstancePtr, INTC_DEVICE_ID);
                                             ^
../src/helloworld.c:160:45: note: each undeclared identifier is reported only once for each function it appears in
../src/helloworld.c:239:25: error: 'INTC_HANDLER' undeclared (first use in this function)
   (Xil_ExceptionHandler)INTC_HANDLER,
                         ^
make: *** [src/helloworld.o] Error 1
11:24:37 **** Auto Build of configuration Debug for project hello ****
make all 
Building file: ../src/helloworld.c
Invoking: MicroBlaze gcc compiler
mb-gcc -Wall -O0 -g3 -c -fmessage-length=0 -MT"src/helloworld.o" -I../../standalone_bsp_0/mcu_core_system_microblaze_0/include -mlittle-endian -mcpu=v9.4 -mxl-soft-mul -Wl,--no-relax -ffunction-sections -fdata-sections -MMD -MP -MF"src/helloworld.d" -MT"src/helloworld.d" -o "src/helloworld.o" "../src/helloworld.c"
../src/helloworld.c: In function 'SpiSetupIntrSystem':
../src/helloworld.c:239:25: error: 'INTC_HANDLER' undeclared (first use in this function)
   (Xil_ExceptionHandler)INTC_HANDLER,
                         ^
../src/helloworld.c:239:25: note: each undeclared identifier is reported only once for each function it appears in
make: *** [src/helloworld.o] Error 1
11:27:29 **** Auto Build of configuration Debug for project hello ****
make all 
Building file: ../src/helloworld.c
Invoking: MicroBlaze gcc compiler
mb-gcc -Wall -O0 -g3 -c -fmessage-length=0 -MT"src/helloworld.o" -I../../standalone_bsp_0/mcu_core_system_microblaze_0/include -mlittle-endian -mcpu=v9.4 -mxl-soft-mul -Wl,--no-relax -ffunction-sections -fdata-sections -MMD -MP -MF"src/helloworld.d" -MT"src/helloworld.d" -o "src/helloworld.o" "../src/helloworld.c"
../src/helloworld.c: In function 'SpiSetupIntrSystem':
../src/helloworld.c:190:2: error: 'IntcConfig' undeclared (first use in this function)
  IntcConfig = XScuGic_LookupConfig(INTC_DEVICE_ID);
  ^
../src/helloworld.c:190:2: note: each undeclared identifier is reported only once for each function it appears in
../src/helloworld.c:190:2: warning: implicit declaration of function 'XScuGic_LookupConfig' [-Wimplicit-function-declaration]
../src/helloworld.c:190:36: error: 'INTC_DEVICE_ID' undeclared (first use in this function)
  IntcConfig = XScuGic_LookupConfig(INTC_DEVICE_ID);
                                    ^
../src/helloworld.c:195:2: warning: implicit declaration of function 'XScuGic_CfgInitialize' [-Wimplicit-function-declaration]
  Status = XScuGic_CfgInitialize(IntcInstancePtr, IntcConfig,
  ^
../src/helloworld.c:201:2: warning: implicit declaration of function 'XScuGic_SetPriorityTriggerType' [-Wimplicit-function-declaration]
  XScuGic_SetPriorityTriggerType(IntcInstancePtr, SpiIntrId, 0xA0, 0x3);
  ^
../src/helloworld.c:208:2: warning: implicit declaration of function 'XScuGic_Connect' [-Wimplicit-function-declaration]
  Status = XScuGic_Connect(IntcInstancePtr, SpiIntrId,
  ^
../src/helloworld.c:209:6: error: 'Xil_InterruptHandler' undeclared (first use in this function)
     (Xil_InterruptHandler)XSpi_InterruptHandler,
      ^
../src/helloworld.c:209:27: error: expected ')' before 'XSpi_InterruptHandler'
     (Xil_InterruptHandler)XSpi_InterruptHandler,
                           ^
../src/helloworld.c:215:2: warning: implicit declaration of function 'XScuGic_Enable' [-Wimplicit-function-declaration]
  XScuGic_Enable(IntcInstancePtr, SpiIntrId);
  ^
make: *** [src/helloworld.o] Error 1
11:28:00 **** Auto Build of configuration Debug for project hello ****
make all 
Building file: ../src/helloworld.c
Invoking: MicroBlaze gcc compiler
mb-gcc -Wall -O0 -g3 -c -fmessage-length=0 -MT"src/helloworld.o" -I../../standalone_bsp_0/mcu_core_system_microblaze_0/include -mlittle-endian -mcpu=v9.4 -mxl-soft-mul -Wl,--no-relax -ffunction-sections -fdata-sections -MMD -MP -MF"src/helloworld.d" -MT"src/helloworld.d" -o "src/helloworld.o" "../src/helloworld.c"
Finished building: ../src/helloworld.c
 
Building target: hello.elf
Invoking: MicroBlaze gcc linker
mb-gcc -Wl,-T -Wl,../src/lscript.ld -L../../standalone_bsp_0/mcu_core_system_microblaze_0/lib -mlittle-endian -mcpu=v9.4 -mxl-soft-mul -Wl,--no-relax -Wl,--gc-sections -o "hello.elf"  ./src/helloworld.o ./src/platform.o   -Wl,--start-group,-lxil,-lgcc,-lc,--end-group
Finished building target: hello.elf
 
Invoking: MicroBlaze Print Size
mb-size hello.elf  |tee "hello.elf.size"
   text	   data	    bss	    dec	    hex	filename
   6568	    356	   2340	   9264	   2430	hello.elf
Finished building: hello.elf.size
 
11:29:59 **** Auto Build of configuration Debug for project hello ****
make all 
Building file: ../src/helloworld.c
Invoking: MicroBlaze gcc compiler
mb-gcc -Wall -O0 -g3 -c -fmessage-length=0 -MT"src/helloworld.o" -I../../standalone_bsp_0/mcu_core_system_microblaze_0/include -mlittle-endian -mcpu=v9.4 -mxl-soft-mul -Wl,--no-relax -ffunction-sections -fdata-sections -MMD -MP -MF"src/helloworld.d" -MT"src/helloworld.d" -o "src/helloworld.o" "../src/helloworld.c"
../src/helloworld.c: In function 'main':
../src/helloworld.c:89:24: error: 'SpiInstancePtr' undeclared (first use in this function)
  XSpi_SetStatusHandler(SpiInstancePtr, SpiInstancePtr,
                        ^
../src/helloworld.c:89:24: note: each undeclared identifier is reported only once for each function it appears in
make: *** [src/helloworld.o] Error 1
11:30:27 **** Auto Build of configuration Debug for project hello ****
make all 
Building file: ../src/helloworld.c
Invoking: MicroBlaze gcc compiler
mb-gcc -Wall -O0 -g3 -c -fmessage-length=0 -MT"src/helloworld.o" -I../../standalone_bsp_0/mcu_core_system_microblaze_0/include -mlittle-endian -mcpu=v9.4 -mxl-soft-mul -Wl,--no-relax -ffunction-sections -fdata-sections -MMD -MP -MF"src/helloworld.d" -MT"src/helloworld.d" -o "src/helloworld.o" "../src/helloworld.c"
../src/helloworld.c: In function 'main':
../src/helloworld.c:89:24: error: 'SpiInstancePtr' undeclared (first use in this function)
  XSpi_SetStatusHandler(SpiInstancePtr, SpiInstancePtr,
                        ^
../src/helloworld.c:89:24: note: each undeclared identifier is reported only once for each function it appears in
../src/helloworld.c:111:2: error: 'Test' undeclared (first use in this function)
  Test = 0x10;
  ^
../src/helloworld.c:112:7: error: 'Count' undeclared (first use in this function)
  for (Count = 0; Count < BUFFER_SIZE; Count++) {
       ^
../src/helloworld.c:112:26: error: 'BUFFER_SIZE' undeclared (first use in this function)
  for (Count = 0; Count < BUFFER_SIZE; Count++) {
                          ^
../src/helloworld.c:113:3: error: 'WriteBuffer' undeclared (first use in this function)
   WriteBuffer[Count] = (u8)(Count + Test);
   ^
../src/helloworld.c:114:3: error: 'ReadBuffer' undeclared (first use in this function)
   ReadBuffer[Count] = 0;
   ^
make: *** [src/helloworld.o] Error 1
11:30:37 **** Auto Build of configuration Debug for project hello ****
make all 
Building file: ../src/helloworld.c
Invoking: MicroBlaze gcc compiler
mb-gcc -Wall -O0 -g3 -c -fmessage-length=0 -MT"src/helloworld.o" -I../../standalone_bsp_0/mcu_core_system_microblaze_0/include -mlittle-endian -mcpu=v9.4 -mxl-soft-mul -Wl,--no-relax -ffunction-sections -fdata-sections -MMD -MP -MF"src/helloworld.d" -MT"src/helloworld.d" -o "src/helloworld.o" "../src/helloworld.c"
../src/helloworld.c: In function 'main':
../src/helloworld.c:89:24: error: 'SpiInstancePtr' undeclared (first use in this function)
  XSpi_SetStatusHandler(SpiInstancePtr, SpiInstancePtr,
                        ^
../src/helloworld.c:89:24: note: each undeclared identifier is reported only once for each function it appears in
../src/helloworld.c:111:2: error: 'Test' undeclared (first use in this function)
  Test = 0x10;
  ^
../src/helloworld.c:112:7: error: 'Count' undeclared (first use in this function)
  for (Count = 0; Count < BUFFER_SIZE; Count++) {
       ^
../src/helloworld.c:112:26: error: 'BUFFER_SIZE' undeclared (first use in this function)
  for (Count = 0; Count < BUFFER_SIZE; Count++) {
                          ^
../src/helloworld.c:113:3: error: 'WriteBuffer' undeclared (first use in this function)
   WriteBuffer[Count] = (u8)(Count + Test);
   ^
../src/helloworld.c:114:3: error: 'ReadBuffer' undeclared (first use in this function)
   ReadBuffer[Count] = 0;
   ^
make: *** [src/helloworld.o] Error 1
11:30:44 **** Auto Build of configuration Debug for project hello ****
make all 
Building file: ../src/helloworld.c
Invoking: MicroBlaze gcc compiler
mb-gcc -Wall -O0 -g3 -c -fmessage-length=0 -MT"src/helloworld.o" -I../../standalone_bsp_0/mcu_core_system_microblaze_0/include -mlittle-endian -mcpu=v9.4 -mxl-soft-mul -Wl,--no-relax -ffunction-sections -fdata-sections -MMD -MP -MF"src/helloworld.d" -MT"src/helloworld.d" -o "src/helloworld.o" "../src/helloworld.c"
../src/helloworld.c: In function 'main':
../src/helloworld.c:89:24: error: 'SpiInstancePtr' undeclared (first use in this function)
  XSpi_SetStatusHandler(SpiInstancePtr, SpiInstancePtr,
                        ^
../src/helloworld.c:89:24: note: each undeclared identifier is reported only once for each function it appears in
../src/helloworld.c:111:2: error: 'Test' undeclared (first use in this function)
  Test = 0x10;
  ^
../src/helloworld.c:112:7: error: 'Count' undeclared (first use in this function)
  for (Count = 0; Count < BUFFER_SIZE; Count++) {
       ^
../src/helloworld.c:112:26: error: 'BUFFER_SIZE' undeclared (first use in this function)
  for (Count = 0; Count < BUFFER_SIZE; Count++) {
                          ^
../src/helloworld.c:113:3: error: 'WriteBuffer' undeclared (first use in this function)
   WriteBuffer[Count] = (u8)(Count + Test);
   ^
../src/helloworld.c:114:3: error: 'ReadBuffer' undeclared (first use in this function)
   ReadBuffer[Count] = 0;
   ^
make: *** [src/helloworld.o] Error 1
11:31:17 **** Auto Build of configuration Debug for project hello ****
make all 
Building file: ../src/helloworld.c
Invoking: MicroBlaze gcc compiler
mb-gcc -Wall -O0 -g3 -c -fmessage-length=0 -MT"src/helloworld.o" -I../../standalone_bsp_0/mcu_core_system_microblaze_0/include -mlittle-endian -mcpu=v9.4 -mxl-soft-mul -Wl,--no-relax -ffunction-sections -fdata-sections -MMD -MP -MF"src/helloworld.d" -MT"src/helloworld.d" -o "src/helloworld.o" "../src/helloworld.c"
../src/helloworld.c: In function 'main':
../src/helloworld.c:92:24: error: 'SpiInstancePtr' undeclared (first use in this function)
  XSpi_SetStatusHandler(SpiInstancePtr, SpiInstancePtr,
                        ^
../src/helloworld.c:92:24: note: each undeclared identifier is reported only once for each function it appears in
../src/helloworld.c:114:2: error: 'Test' undeclared (first use in this function)
  Test = 0x10;
  ^
../src/helloworld.c:115:7: error: 'Count' undeclared (first use in this function)
  for (Count = 0; Count < BUFFER_SIZE; Count++) {
       ^
../src/helloworld.c:115:26: error: 'BUFFER_SIZE' undeclared (first use in this function)
  for (Count = 0; Count < BUFFER_SIZE; Count++) {
                          ^
../src/helloworld.c:116:3: error: 'WriteBuffer' undeclared (first use in this function)
   WriteBuffer[Count] = (u8)(Count + Test);
   ^
../src/helloworld.c:117:3: error: 'ReadBuffer' undeclared (first use in this function)
   ReadBuffer[Count] = 0;
   ^
make: *** [src/helloworld.o] Error 1
11:32:03 **** Auto Build of configuration Debug for project hello ****
make all 
Building file: ../src/helloworld.c
Invoking: MicroBlaze gcc compiler
mb-gcc -Wall -O0 -g3 -c -fmessage-length=0 -MT"src/helloworld.o" -I../../standalone_bsp_0/mcu_core_system_microblaze_0/include -mlittle-endian -mcpu=v9.4 -mxl-soft-mul -Wl,--no-relax -ffunction-sections -fdata-sections -MMD -MP -MF"src/helloworld.d" -MT"src/helloworld.d" -o "src/helloworld.o" "../src/helloworld.c"
../src/helloworld.c: In function 'main':
../src/helloworld.c:92:24: error: 'SpiInstancePtr' undeclared (first use in this function)
  XSpi_SetStatusHandler(SpiInstancePtr, SpiInstancePtr,
                        ^
../src/helloworld.c:92:24: note: each undeclared identifier is reported only once for each function it appears in
../src/helloworld.c:114:2: error: 'Test' undeclared (first use in this function)
  Test = 0x10;
  ^
../src/helloworld.c:115:7: error: 'Count' undeclared (first use in this function)
  for (Count = 0; Count < BUFFER_SIZE; Count++) {
       ^
../src/helloworld.c:115:26: error: 'BUFFER_SIZE' undeclared (first use in this function)
  for (Count = 0; Count < BUFFER_SIZE; Count++) {
                          ^
../src/helloworld.c:116:3: error: 'WriteBuffer' undeclared (first use in this function)
   WriteBuffer[Count] = (u8)(Count + Test);
   ^
../src/helloworld.c:117:3: error: 'ReadBuffer' undeclared (first use in this function)
   ReadBuffer[Count] = 0;
   ^
make: *** [src/helloworld.o] Error 1
11:32:21 **** Auto Build of configuration Debug for project hello ****
make all 
Building file: ../src/helloworld.c
Invoking: MicroBlaze gcc compiler
mb-gcc -Wall -O0 -g3 -c -fmessage-length=0 -MT"src/helloworld.o" -I../../standalone_bsp_0/mcu_core_system_microblaze_0/include -mlittle-endian -mcpu=v9.4 -mxl-soft-mul -Wl,--no-relax -ffunction-sections -fdata-sections -MMD -MP -MF"src/helloworld.d" -MT"src/helloworld.d" -o "src/helloworld.o" "../src/helloworld.c"
../src/helloworld.c: In function 'main':
../src/helloworld.c:92:24: error: 'SpiInstancePtr' undeclared (first use in this function)
  XSpi_SetStatusHandler(SpiInstancePtr, SpiInstancePtr,
                        ^
../src/helloworld.c:92:24: note: each undeclared identifier is reported only once for each function it appears in
../src/helloworld.c:114:2: error: 'Test' undeclared (first use in this function)
  Test = 0x10;
  ^
../src/helloworld.c:115:7: error: 'Count' undeclared (first use in this function)
  for (Count = 0; Count < BUFFER_SIZE; Count++) {
       ^
../src/helloworld.c:115:26: error: 'BUFFER_SIZE' undeclared (first use in this function)
  for (Count = 0; Count < BUFFER_SIZE; Count++) {
                          ^
../src/helloworld.c:116:3: error: 'WriteBuffer' undeclared (first use in this function)
   WriteBuffer[Count] = (u8)(Count + Test);
   ^
../src/helloworld.c:117:3: error: 'ReadBuffer' undeclared (first use in this function)
   ReadBuffer[Count] = 0;
   ^
../src/helloworld.c: In function 'SpiSetupIntrSystem':
../src/helloworld.c:233:32: error: 'WriteBuffer' undeclared (first use in this function)
  XSpi_Transfer(SpiInstancePtr, WriteBuffer, ReadBuffer, BUFFER_SIZE);
                                ^
../src/helloworld.c:233:45: error: 'ReadBuffer' undeclared (first use in this function)
  XSpi_Transfer(SpiInstancePtr, WriteBuffer, ReadBuffer, BUFFER_SIZE);
                                             ^
../src/helloworld.c:233:57: error: 'BUFFER_SIZE' undeclared (first use in this function)
  XSpi_Transfer(SpiInstancePtr, WriteBuffer, ReadBuffer, BUFFER_SIZE);
                                                         ^
make: *** [src/helloworld.o] Error 1
11:32:37 **** Auto Build of configuration Debug for project hello ****
make all 
Building file: ../src/helloworld.c
Invoking: MicroBlaze gcc compiler
mb-gcc -Wall -O0 -g3 -c -fmessage-length=0 -MT"src/helloworld.o" -I../../standalone_bsp_0/mcu_core_system_microblaze_0/include -mlittle-endian -mcpu=v9.4 -mxl-soft-mul -Wl,--no-relax -ffunction-sections -fdata-sections -MMD -MP -MF"src/helloworld.d" -MT"src/helloworld.d" -o "src/helloworld.o" "../src/helloworld.c"
../src/helloworld.c: In function 'main':
../src/helloworld.c:92:24: error: 'SpiInstancePtr' undeclared (first use in this function)
  XSpi_SetStatusHandler(SpiInstancePtr, SpiInstancePtr,
                        ^
../src/helloworld.c:92:24: note: each undeclared identifier is reported only once for each function it appears in
../src/helloworld.c:114:2: error: 'Test' undeclared (first use in this function)
  Test = 0x10;
  ^
../src/helloworld.c:115:7: error: 'Count' undeclared (first use in this function)
  for (Count = 0; Count < BUFFER_SIZE; Count++) {
       ^
../src/helloworld.c:115:26: error: 'BUFFER_SIZE' undeclared (first use in this function)
  for (Count = 0; Count < BUFFER_SIZE; Count++) {
                          ^
../src/helloworld.c:116:3: error: 'WriteBuffer' undeclared (first use in this function)
   WriteBuffer[Count] = (u8)(Count + Test);
   ^
../src/helloworld.c:117:3: error: 'ReadBuffer' undeclared (first use in this function)
   ReadBuffer[Count] = 0;
   ^
make: *** [src/helloworld.o] Error 1
11:33:23 **** Auto Build of configuration Debug for project hello ****
make all 
Building file: ../src/helloworld.c
Invoking: MicroBlaze gcc compiler
mb-gcc -Wall -O0 -g3 -c -fmessage-length=0 -MT"src/helloworld.o" -I../../standalone_bsp_0/mcu_core_system_microblaze_0/include -mlittle-endian -mcpu=v9.4 -mxl-soft-mul -Wl,--no-relax -ffunction-sections -fdata-sections -MMD -MP -MF"src/helloworld.d" -MT"src/helloworld.d" -o "src/helloworld.o" "../src/helloworld.c"
../src/helloworld.c: In function 'main':
../src/helloworld.c:92:24: error: 'SpiInstancePtr' undeclared (first use in this function)
  XSpi_SetStatusHandler(SpiInstancePtr, SpiInstancePtr,
                        ^
../src/helloworld.c:92:24: note: each undeclared identifier is reported only once for each function it appears in
../src/helloworld.c:114:2: error: 'Test' undeclared (first use in this function)
  Test = 0x10;
  ^
../src/helloworld.c:115:7: error: 'Count' undeclared (first use in this function)
  for (Count = 0; Count < BUFFER_SIZE; Count++) {
       ^
../src/helloworld.c:115:26: error: 'BUFFER_SIZE' undeclared (first use in this function)
  for (Count = 0; Count < BUFFER_SIZE; Count++) {
                          ^
../src/helloworld.c:116:3: error: 'WriteBuffer' undeclared (first use in this function)
   WriteBuffer[Count] = (u8)(Count + Test);
   ^
../src/helloworld.c:117:3: error: 'ReadBuffer' undeclared (first use in this function)
   ReadBuffer[Count] = 0;
   ^
make: *** [src/helloworld.o] Error 1
11:34:08 **** Auto Build of configuration Debug for project hello ****
make all 
Building file: ../src/helloworld.c
Invoking: MicroBlaze gcc compiler
mb-gcc -Wall -O0 -g3 -c -fmessage-length=0 -MT"src/helloworld.o" -I../../standalone_bsp_0/mcu_core_system_microblaze_0/include -mlittle-endian -mcpu=v9.4 -mxl-soft-mul -Wl,--no-relax -ffunction-sections -fdata-sections -MMD -MP -MF"src/helloworld.d" -MT"src/helloworld.d" -o "src/helloworld.o" "../src/helloworld.c"
../src/helloworld.c: In function 'main':
../src/helloworld.c:92:24: error: 'SpiInstancePtr' undeclared (first use in this function)
  XSpi_SetStatusHandler(SpiInstancePtr, SpiInstancePtr,
                        ^
../src/helloworld.c:92:24: note: each undeclared identifier is reported only once for each function it appears in
../src/helloworld.c:114:2: error: 'Test' undeclared (first use in this function)
  Test = 0x10;
  ^
../src/helloworld.c:115:7: error: 'Count' undeclared (first use in this function)
  for (Count = 0; Count < BUFFER_SIZE; Count++) {
       ^
../src/helloworld.c:115:26: error: 'BUFFER_SIZE' undeclared (first use in this function)
  for (Count = 0; Count < BUFFER_SIZE; Count++) {
                          ^
../src/helloworld.c:116:3: error: 'WriteBuffer' undeclared (first use in this function)
   WriteBuffer[Count] = (u8)(Count + Test);
   ^
../src/helloworld.c:117:3: error: 'ReadBuffer' undeclared (first use in this function)
   ReadBuffer[Count] = 0;
   ^
make: *** [src/helloworld.o] Error 1
11:34:30 **** Auto Build of configuration Debug for project hello ****
make all 
Building file: ../src/helloworld.c
Invoking: MicroBlaze gcc compiler
mb-gcc -Wall -O0 -g3 -c -fmessage-length=0 -MT"src/helloworld.o" -I../../standalone_bsp_0/mcu_core_system_microblaze_0/include -mlittle-endian -mcpu=v9.4 -mxl-soft-mul -Wl,--no-relax -ffunction-sections -fdata-sections -MMD -MP -MF"src/helloworld.d" -MT"src/helloworld.d" -o "src/helloworld.o" "../src/helloworld.c"
../src/helloworld.c: In function 'main':
../src/helloworld.c:92:24: error: 'SpiInstancePtr' undeclared (first use in this function)
  XSpi_SetStatusHandler(SpiInstancePtr, SpiInstancePtr,
                        ^
../src/helloworld.c:92:24: note: each undeclared identifier is reported only once for each function it appears in
../src/helloworld.c:115:32: error: 'WriteBuffer' undeclared (first use in this function)
  XSpi_Transfer(SpiInstancePtr, WriteBuffer, ReadBuffer, BUFFER_SIZE);
                                ^
../src/helloworld.c:115:45: error: 'ReadBuffer' undeclared (first use in this function)
  XSpi_Transfer(SpiInstancePtr, WriteBuffer, ReadBuffer, BUFFER_SIZE);
                                             ^
../src/helloworld.c:115:57: error: 'BUFFER_SIZE' undeclared (first use in this function)
  XSpi_Transfer(SpiInstancePtr, WriteBuffer, ReadBuffer, BUFFER_SIZE);
                                                         ^
make: *** [src/helloworld.o] Error 1
11:34:50 **** Auto Build of configuration Debug for project hello ****
make all 
Building file: ../src/helloworld.c
Invoking: MicroBlaze gcc compiler
mb-gcc -Wall -O0 -g3 -c -fmessage-length=0 -MT"src/helloworld.o" -I../../standalone_bsp_0/mcu_core_system_microblaze_0/include -mlittle-endian -mcpu=v9.4 -mxl-soft-mul -Wl,--no-relax -ffunction-sections -fdata-sections -MMD -MP -MF"src/helloworld.d" -MT"src/helloworld.d" -o "src/helloworld.o" "../src/helloworld.c"
../src/helloworld.c: In function 'main':
../src/helloworld.c:92:24: error: 'SpiInstancePtr' undeclared (first use in this function)
  XSpi_SetStatusHandler(SpiInstancePtr, SpiInstancePtr,
                        ^
../src/helloworld.c:92:24: note: each undeclared identifier is reported only once for each function it appears in
make: *** [src/helloworld.o] Error 1
11:35:26 **** Auto Build of configuration Debug for project hello ****
make all 
Building file: ../src/helloworld.c
Invoking: MicroBlaze gcc compiler
mb-gcc -Wall -O0 -g3 -c -fmessage-length=0 -MT"src/helloworld.o" -I../../standalone_bsp_0/mcu_core_system_microblaze_0/include -mlittle-endian -mcpu=v9.4 -mxl-soft-mul -Wl,--no-relax -ffunction-sections -fdata-sections -MMD -MP -MF"src/helloworld.d" -MT"src/helloworld.d" -o "src/helloworld.o" "../src/helloworld.c"
Finished building: ../src/helloworld.c
 
Building target: hello.elf
Invoking: MicroBlaze gcc linker
mb-gcc -Wl,-T -Wl,../src/lscript.ld -L../../standalone_bsp_0/mcu_core_system_microblaze_0/lib -mlittle-endian -mcpu=v9.4 -mxl-soft-mul -Wl,--no-relax -Wl,--gc-sections -o "hello.elf"  ./src/helloworld.o ./src/platform.o   -Wl,--start-group,-lxil,-lgcc,-lc,--end-group
Finished building target: hello.elf
 
Invoking: MicroBlaze Print Size
mb-size hello.elf  |tee "hello.elf.size"
   text	   data	    bss	    dec	    hex	filename
   8800	    356	   2364	  11520	   2d00	hello.elf
Finished building: hello.elf.size
 
11:35:32 **** Incremental Build of configuration Debug for project hello ****
make all 
make: Nothing to be done for `all'.
11:37:56 **** Auto Build of configuration Debug for project hello ****
make all 
Building file: ../src/helloworld.c
Invoking: MicroBlaze gcc compiler
mb-gcc -Wall -O0 -g3 -c -fmessage-length=0 -MT"src/helloworld.o" -I../../standalone_bsp_0/mcu_core_system_microblaze_0/include -mlittle-endian -mcpu=v9.4 -mxl-soft-mul -Wl,--no-relax -ffunction-sections -fdata-sections -MMD -MP -MF"src/helloworld.d" -MT"src/helloworld.d" -o "src/helloworld.o" "../src/helloworld.c"
../src/helloworld.c: In function 'main':
../src/helloworld.c:95:2: error: 'TransferInProgress' undeclared (first use in this function)
  TransferInProgress = TRUE;
  ^
../src/helloworld.c:95:2: note: each undeclared identifier is reported only once for each function it appears in
make: *** [src/helloworld.o] Error 1
11:39:06 **** Auto Build of configuration Debug for project hello ****
make all 
Building file: ../src/helloworld.c
Invoking: MicroBlaze gcc compiler
mb-gcc -Wall -O0 -g3 -c -fmessage-length=0 -MT"src/helloworld.o" -I../../standalone_bsp_0/mcu_core_system_microblaze_0/include -mlittle-endian -mcpu=v9.4 -mxl-soft-mul -Wl,--no-relax -ffunction-sections -fdata-sections -MMD -MP -MF"src/helloworld.d" -MT"src/helloworld.d" -o "src/helloworld.o" "../src/helloworld.c"
../src/helloworld.c: In function 'main':
../src/helloworld.c:96:2: error: 'TransferInProgress' undeclared (first use in this function)
  TransferInProgress = TRUE;
  ^
../src/helloworld.c:96:2: note: each undeclared identifier is reported only once for each function it appears in
make: *** [src/helloworld.o] Error 1
11:41:22 **** Auto Build of configuration Debug for project hello ****
make all 
Building file: ../src/helloworld.c
Invoking: MicroBlaze gcc compiler
mb-gcc -Wall -O0 -g3 -c -fmessage-length=0 -MT"src/helloworld.o" -I../../standalone_bsp_0/mcu_core_system_microblaze_0/include -mlittle-endian -mcpu=v9.4 -mxl-soft-mul -Wl,--no-relax -ffunction-sections -fdata-sections -MMD -MP -MF"src/helloworld.d" -MT"src/helloworld.d" -o "src/helloworld.o" "../src/helloworld.c"
../src/helloworld.c: In function 'main':
../src/helloworld.c:98:2: error: 'TransferInProgress' undeclared (first use in this function)
  TransferInProgress = TRUE;
  ^
../src/helloworld.c:98:2: note: each undeclared identifier is reported only once for each function it appears in
make: *** [src/helloworld.o] Error 1
[...]
  10576	    392	   2360	  13328	   3410	i2c_impl.elf
Finished building: i2c_impl.elf.size
 
23:00:06 **** Incremental Build of configuration Debug for project i2c_impl ****
make all 
make: Nothing to be done for `all'.
23:06:43 **** Auto Build of configuration Debug for project i2c_impl ****
make all 
Building file: ../src/i2c_impl.c
Invoking: MicroBlaze gcc compiler
mb-gcc -Wall -O0 -g3 -c -fmessage-length=0 -MT"src/i2c_impl.o" -I../../standalone_bsp_0/mcu_core_system_microblaze_0/include -mlittle-endian -mcpu=v9.4 -mxl-soft-mul -Wl,--no-relax -ffunction-sections -fdata-sections -MMD -MP -MF"src/i2c_impl.d" -MT"src/i2c_impl.d" -o "src/i2c_impl.o" "../src/i2c_impl.c"
Finished building: ../src/i2c_impl.c
 
Building target: i2c_impl.elf
Invoking: MicroBlaze gcc linker
mb-gcc -Wl,-T -Wl,../src/lscript.ld -L../../standalone_bsp_0/mcu_core_system_microblaze_0/lib -mlittle-endian -mcpu=v9.4 -mxl-soft-mul -Wl,--no-relax -Wl,--gc-sections -o "i2c_impl.elf"  ./src/i2c_impl.o ./src/platform.o   -Wl,--start-group,-lxil,-lgcc,-lc,--end-group
Finished building target: i2c_impl.elf
 
Invoking: MicroBlaze Print Size
mb-size i2c_impl.elf  |tee "i2c_impl.elf.size"
   text	   data	    bss	    dec	    hex	filename
  10576	    392	   2360	  13328	   3410	i2c_impl.elf
Finished building: i2c_impl.elf.size
 
23:08:18 **** Incremental Build of configuration Debug for project i2c_impl ****
make all 
make: Nothing to be done for `all'.
23:14:30 **** Auto Build of configuration Debug for project i2c_impl ****
make all 
Building file: ../src/i2c_impl.c
Invoking: MicroBlaze gcc compiler
mb-gcc -Wall -O0 -g3 -c -fmessage-length=0 -MT"src/i2c_impl.o" -I../../standalone_bsp_0/mcu_core_system_microblaze_0/include -mlittle-endian -mcpu=v9.4 -mxl-soft-mul -Wl,--no-relax -ffunction-sections -fdata-sections -MMD -MP -MF"src/i2c_impl.d" -MT"src/i2c_impl.d" -o "src/i2c_impl.o" "../src/i2c_impl.c"
Finished building: ../src/i2c_impl.c
 
Building target: i2c_impl.elf
Invoking: MicroBlaze gcc linker
mb-gcc -Wl,-T -Wl,../src/lscript.ld -L../../standalone_bsp_0/mcu_core_system_microblaze_0/lib -mlittle-endian -mcpu=v9.4 -mxl-soft-mul -Wl,--no-relax -Wl,--gc-sections -o "i2c_impl.elf"  ./src/i2c_impl.o ./src/platform.o   -Wl,--start-group,-lxil,-lgcc,-lc,--end-group
Finished building target: i2c_impl.elf
 
Invoking: MicroBlaze Print Size
mb-size i2c_impl.elf  |tee "i2c_impl.elf.size"
   text	   data	    bss	    dec	    hex	filename
  10636	    392	   2364	  13392	   3450	i2c_impl.elf
Finished building: i2c_impl.elf.size
 
23:14:42 **** Incremental Build of configuration Debug for project i2c_impl ****
make all 
Building file: ../src/i2c_impl.c
Invoking: MicroBlaze gcc compiler
mb-gcc -Wall -O0 -g3 -c -fmessage-length=0 -MT"src/i2c_impl.o" -I../../standalone_bsp_0/mcu_core_system_microblaze_0/include -mlittle-endian -mcpu=v9.4 -mxl-soft-mul -Wl,--no-relax -ffunction-sections -fdata-sections -MMD -MP -MF"src/i2c_impl.d" -MT"src/i2c_impl.d" -o "src/i2c_impl.o" "../src/i2c_impl.c"
Finished building: ../src/i2c_impl.c
 
Building target: i2c_impl.elf
Invoking: MicroBlaze gcc linker
mb-gcc -Wl,-T -Wl,../src/lscript.ld -L../../standalone_bsp_0/mcu_core_system_microblaze_0/lib -mlittle-endian -mcpu=v9.4 -mxl-soft-mul -Wl,--no-relax -Wl,--gc-sections -o "i2c_impl.elf"  ./src/i2c_impl.o ./src/platform.o   -Wl,--start-group,-lxil,-lgcc,-lc,--end-group
Finished building target: i2c_impl.elf
 
Invoking: MicroBlaze Print Size
mb-size i2c_impl.elf  |tee "i2c_impl.elf.size"
   text	   data	    bss	    dec	    hex	filename
  10636	    392	   2364	  13392	   3450	i2c_impl.elf
Finished building: i2c_impl.elf.size
 
23:18:20 **** Incremental Build of configuration Debug for project test_periph ****
make all 
make: Nothing to be done for `all'.
23:23:36 **** Incremental Build of configuration Debug for project test_periph ****
make all 
make: Nothing to be done for `all'.
23:24:34 **** Incremental Build of configuration Debug for project test_periph ****
make all 
make: Nothing to be done for `all'.
23:26:08 **** Auto Build of configuration Debug for project i2c_impl ****
make all 
Building file: ../src/i2c_impl.c
Invoking: MicroBlaze gcc compiler
mb-gcc -Wall -O0 -g3 -c -fmessage-length=0 -MT"src/i2c_impl.o" -I../../standalone_bsp_0/mcu_core_system_microblaze_0/include -mlittle-endian -mcpu=v9.4 -mxl-soft-mul -Wl,--no-relax -ffunction-sections -fdata-sections -MMD -MP -MF"src/i2c_impl.d" -MT"src/i2c_impl.d" -o "src/i2c_impl.o" "../src/i2c_impl.c"
Finished building: ../src/i2c_impl.c
 
Building target: i2c_impl.elf
Invoking: MicroBlaze gcc linker
mb-gcc -Wl,-T -Wl,../src/lscript.ld -L../../standalone_bsp_0/mcu_core_system_microblaze_0/lib -mlittle-endian -mcpu=v9.4 -mxl-soft-mul -Wl,--no-relax -Wl,--gc-sections -o "i2c_impl.elf"  ./src/i2c_impl.o ./src/platform.o   -Wl,--start-group,-lxil,-lgcc,-lc,--end-group
Finished building target: i2c_impl.elf
 
Invoking: MicroBlaze Print Size
mb-size i2c_impl.elf  |tee "i2c_impl.elf.size"
   text	   data	    bss	    dec	    hex	filename
  10636	    392	   2364	  13392	   3450	i2c_impl.elf
Finished building: i2c_impl.elf.size
 
23:29:33 **** Incremental Build of configuration Debug for project i2c_impl ****
make all 
make: Nothing to be done for `all'.
23:32:57 **** Auto Build of configuration Debug for project i2c_impl ****
make all 
Building file: ../src/i2c_impl.c
Invoking: MicroBlaze gcc compiler
mb-gcc -Wall -O0 -g3 -c -fmessage-length=0 -MT"src/i2c_impl.o" -I../../standalone_bsp_0/mcu_core_system_microblaze_0/include -mlittle-endian -mcpu=v9.4 -mxl-soft-mul -Wl,--no-relax -ffunction-sections -fdata-sections -MMD -MP -MF"src/i2c_impl.d" -MT"src/i2c_impl.d" -o "src/i2c_impl.o" "../src/i2c_impl.c"
../src/i2c_impl.c: In function 'main':
../src/i2c_impl.c:78:10: error: void value not ignored as it ought to be
   status = XIntc_Enable(&Intc, XPAR_INTC_0_IIC_0_VEC_ID);
          ^
make: *** [src/i2c_impl.o] Error 1
23:33:09 **** Incremental Build of configuration Debug for project i2c_impl ****
make all 
Building file: ../src/i2c_impl.c
Invoking: MicroBlaze gcc compiler
mb-gcc -Wall -O0 -g3 -c -fmessage-length=0 -MT"src/i2c_impl.o" -I../../standalone_bsp_0/mcu_core_system_microblaze_0/include -mlittle-endian -mcpu=v9.4 -mxl-soft-mul -Wl,--no-relax -ffunction-sections -fdata-sections -MMD -MP -MF"src/i2c_impl.d" -MT"src/i2c_impl.d" -o "src/i2c_impl.o" "../src/i2c_impl.c"
../src/i2c_impl.c: In function 'main':
../src/i2c_impl.c:78:10: error: void value not ignored as it ought to be
   status = XIntc_Enable(&Intc, XPAR_INTC_0_IIC_0_VEC_ID);
          ^
make: *** [src/i2c_impl.o] Error 1
23:34:05 **** Auto Build of configuration Debug for project i2c_impl ****
make all 
Building file: ../src/i2c_impl.c
Invoking: MicroBlaze gcc compiler
mb-gcc -Wall -O0 -g3 -c -fmessage-length=0 -MT"src/i2c_impl.o" -I../../standalone_bsp_0/mcu_core_system_microblaze_0/include -mlittle-endian -mcpu=v9.4 -mxl-soft-mul -Wl,--no-relax -ffunction-sections -fdata-sections -MMD -MP -MF"src/i2c_impl.d" -MT"src/i2c_impl.d" -o "src/i2c_impl.o" "../src/i2c_impl.c"
Finished building: ../src/i2c_impl.c
 
Building target: i2c_impl.elf
Invoking: MicroBlaze gcc linker
mb-gcc -Wl,-T -Wl,../src/lscript.ld -L../../standalone_bsp_0/mcu_core_system_microblaze_0/lib -mlittle-endian -mcpu=v9.4 -mxl-soft-mul -Wl,--no-relax -Wl,--gc-sections -o "i2c_impl.elf"  ./src/i2c_impl.o ./src/platform.o   -Wl,--start-group,-lxil,-lgcc,-lc,--end-group
Finished building target: i2c_impl.elf
 
Invoking: MicroBlaze Print Size
mb-size i2c_impl.elf  |tee "i2c_impl.elf.size"
   text	   data	    bss	    dec	    hex	filename
  10688	    392	   2360	  13440	   3480	i2c_impl.elf
Finished building: i2c_impl.elf.size
 
23:34:08 **** Incremental Build of configuration Debug for project i2c_impl ****
make all 
make: Nothing to be done for `all'.
23:34:31 **** Incremental Build of configuration Debug for project i2c_impl ****
make all 
make: Nothing to be done for `all'.
23:39:20 **** Incremental Build of configuration Debug for project i2c_impl ****
make all 
make: Nothing to be done for `all'.
23:42:52 **** Incremental Build of configuration Debug for project i2c_impl ****
make all 
make: Nothing to be done for `all'.
23:44:09 **** Incremental Build of configuration Debug for project test_periph ****
make all 
make: Nothing to be done for `all'.
23:44:28 **** Incremental Build of configuration Debug for project test_periph ****
make all 
make: Nothing to be done for `all'.
23:44:59 **** Incremental Build of configuration Debug for project test_periph ****
make all 
make: Nothing to be done for `all'.
23:48:28 **** Auto Build of configuration Debug for project i2c_impl ****
make all 
Building file: ../src/i2c_impl.c
Invoking: MicroBlaze gcc compiler
mb-gcc -Wall -O0 -g3 -c -fmessage-length=0 -MT"src/i2c_impl.o" -I../../standalone_bsp_0/mcu_core_system_microblaze_0/include -mlittle-endian -mcpu=v9.4 -mxl-soft-mul -Wl,--no-relax -ffunction-sections -fdata-sections -MMD -MP -MF"src/i2c_impl.d" -MT"src/i2c_impl.d" -o "src/i2c_impl.o" "../src/i2c_impl.c"
../src/i2c_impl.c:9:28: fatal error: xil_exceptions.h: No such file or directory
 #include "xil_exceptions.h"
                            ^
compilation terminated.
make: *** [src/i2c_impl.o] Error 1
23:48:34 **** Auto Build of configuration Debug for project i2c_impl ****
make all 
Building file: ../src/i2c_impl.c
Invoking: MicroBlaze gcc compiler
mb-gcc -Wall -O0 -g3 -c -fmessage-length=0 -MT"src/i2c_impl.o" -I../../standalone_bsp_0/mcu_core_system_microblaze_0/include -mlittle-endian -mcpu=v9.4 -mxl-soft-mul -Wl,--no-relax -ffunction-sections -fdata-sections -MMD -MP -MF"src/i2c_impl.d" -MT"src/i2c_impl.d" -o "src/i2c_impl.o" "../src/i2c_impl.c"
Finished building: ../src/i2c_impl.c
 
Building target: i2c_impl.elf
Invoking: MicroBlaze gcc linker
mb-gcc -Wl,-T -Wl,../src/lscript.ld -L../../standalone_bsp_0/mcu_core_system_microblaze_0/lib -mlittle-endian -mcpu=v9.4 -mxl-soft-mul -Wl,--no-relax -Wl,--gc-sections -o "i2c_impl.elf"  ./src/i2c_impl.o ./src/platform.o   -Wl,--start-group,-lxil,-lgcc,-lc,--end-group
Finished building target: i2c_impl.elf
 
Invoking: MicroBlaze Print Size
mb-size i2c_impl.elf  |tee "i2c_impl.elf.size"
   text	   data	    bss	    dec	    hex	filename
  10688	    392	   2360	  13440	   3480	i2c_impl.elf
Finished building: i2c_impl.elf.size
 
23:48:54 **** Auto Build of configuration Debug for project i2c_impl ****
make all 
Building file: ../src/i2c_impl.c
Invoking: MicroBlaze gcc compiler
mb-gcc -Wall -O0 -g3 -c -fmessage-length=0 -MT"src/i2c_impl.o" -I../../standalone_bsp_0/mcu_core_system_microblaze_0/include -mlittle-endian -mcpu=v9.4 -mxl-soft-mul -Wl,--no-relax -ffunction-sections -fdata-sections -MMD -MP -MF"src/i2c_impl.d" -MT"src/i2c_impl.d" -o "src/i2c_impl.o" "../src/i2c_impl.c"
Finished building: ../src/i2c_impl.c
 
Building target: i2c_impl.elf
Invoking: MicroBlaze gcc linker
mb-gcc -Wl,-T -Wl,../src/lscript.ld -L../../standalone_bsp_0/mcu_core_system_microblaze_0/lib -mlittle-endian -mcpu=v9.4 -mxl-soft-mul -Wl,--no-relax -Wl,--gc-sections -o "i2c_impl.elf"  ./src/i2c_impl.o ./src/platform.o   -Wl,--start-group,-lxil,-lgcc,-lc,--end-group
Finished building target: i2c_impl.elf
 
Invoking: MicroBlaze Print Size
mb-size i2c_impl.elf  |tee "i2c_impl.elf.size"
   text	   data	    bss	    dec	    hex	filename
  10752	    392	   2360	  13504	   34c0	i2c_impl.elf
Finished building: i2c_impl.elf.size
 
23:49:23 **** Incremental Build of configuration Debug for project i2c_impl ****
make all 
make: Nothing to be done for `all'.
23:50:19 **** Incremental Build of configuration Debug for project i2c_impl ****
make all 
make: Nothing to be done for `all'.
23:53:14 **** Incremental Build of configuration Debug for project i2c_impl ****
make all 
make: Nothing to be done for `all'.
23:53:35 **** Incremental Build of configuration Debug for project i2c_impl ****
make all 
make: Nothing to be done for `all'.
23:54:41 **** Incremental Build of configuration Debug for project i2c_impl ****
make all 
make: Nothing to be done for `all'.
23:55:48 **** Incremental Build of configuration Debug for project i2c_impl ****
make all 
make: Nothing to be done for `all'.
00:00:13 **** Incremental Build of configuration Debug for project i2c_impl ****
make all 
make: Nothing to be done for `all'.
00:04:07 **** Auto Build of configuration Debug for project i2c_impl ****
make all 
Building file: ../src/i2c_impl.c
Invoking: MicroBlaze gcc compiler
mb-gcc -Wall -O0 -g3 -c -fmessage-length=0 -MT"src/i2c_impl.o" -I../../standalone_bsp_0/mcu_core_system_microblaze_0/include -mlittle-endian -mcpu=v9.4 -mxl-soft-mul -Wl,--no-relax -ffunction-sections -fdata-sections -MMD -MP -MF"src/i2c_impl.d" -MT"src/i2c_impl.d" -o "src/i2c_impl.o" "../src/i2c_impl.c"
../src/i2c_impl.c: In function 'main':
../src/i2c_impl.c:32:5: warning: unused variable 'rxbuf' [-Wunused-variable]
  u8 rxbuf[10];
     ^
Finished building: ../src/i2c_impl.c
 
Building target: i2c_impl.elf
Invoking: MicroBlaze gcc linker
mb-gcc -Wl,-T -Wl,../src/lscript.ld -L../../standalone_bsp_0/mcu_core_system_microblaze_0/lib -mlittle-endian -mcpu=v9.4 -mxl-soft-mul -Wl,--no-relax -Wl,--gc-sections -o "i2c_impl.elf"  ./src/i2c_impl.o ./src/platform.o   -Wl,--start-group,-lxil,-lgcc,-lc,--end-group
Finished building target: i2c_impl.elf
 
Invoking: MicroBlaze Print Size
mb-size i2c_impl.elf  |tee "i2c_impl.elf.size"
   text	   data	    bss	    dec	    hex	filename
  10104	    392	   2360	  12856	   3238	i2c_impl.elf
Finished building: i2c_impl.elf.size
 
00:04:08 **** Incremental Build of configuration Debug for project i2c_impl ****
make all 
make: Nothing to be done for `all'.
00:05:38 **** Auto Build of configuration Debug for project i2c_impl ****
make all 
Building file: ../src/i2c_impl.c
Invoking: MicroBlaze gcc compiler
mb-gcc -Wall -O0 -g3 -c -fmessage-length=0 -MT"src/i2c_impl.o" -I../../standalone_bsp_0/mcu_core_system_microblaze_0/include -mlittle-endian -mcpu=v9.4 -mxl-soft-mul -Wl,--no-relax -ffunction-sections -fdata-sections -MMD -MP -MF"src/i2c_impl.d" -MT"src/i2c_impl.d" -o "src/i2c_impl.o" "../src/i2c_impl.c"
Finished building: ../src/i2c_impl.c
 
Building target: i2c_impl.elf
Invoking: MicroBlaze gcc linker
mb-gcc -Wl,-T -Wl,../src/lscript.ld -L../../standalone_bsp_0/mcu_core_system_microblaze_0/lib -mlittle-endian -mcpu=v9.4 -mxl-soft-mul -Wl,--no-relax -Wl,--gc-sections -o "i2c_impl.elf"  ./src/i2c_impl.o ./src/platform.o   -Wl,--start-group,-lxil,-lgcc,-lc,--end-group
Finished building target: i2c_impl.elf
 
Invoking: MicroBlaze Print Size
mb-size i2c_impl.elf  |tee "i2c_impl.elf.size"
   text	   data	    bss	    dec	    hex	filename
  10792	    392	   2360	  13544	   34e8	i2c_impl.elf
Finished building: i2c_impl.elf.size
 
00:05:45 **** Incremental Build of configuration Debug for project i2c_impl ****
make all 
make: Nothing to be done for `all'.
00:09:54 **** Auto Build of configuration Debug for project i2c_impl ****
make all 
Building file: ../src/i2c_impl.c
Invoking: MicroBlaze gcc compiler
mb-gcc -Wall -O0 -g3 -c -fmessage-length=0 -MT"src/i2c_impl.o" -I../../standalone_bsp_0/mcu_core_system_microblaze_0/include -mlittle-endian -mcpu=v9.4 -mxl-soft-mul -Wl,--no-relax -ffunction-sections -fdata-sections -MMD -MP -MF"src/i2c_impl.d" -MT"src/i2c_impl.d" -o "src/i2c_impl.o" "../src/i2c_impl.c"
Finished building: ../src/i2c_impl.c
 
Building target: i2c_impl.elf
Invoking: MicroBlaze gcc linker
mb-gcc -Wl,-T -Wl,../src/lscript.ld -L../../standalone_bsp_0/mcu_core_system_microblaze_0/lib -mlittle-endian -mcpu=v9.4 -mxl-soft-mul -Wl,--no-relax -Wl,--gc-sections -o "i2c_impl.elf"  ./src/i2c_impl.o ./src/platform.o   -Wl,--start-group,-lxil,-lgcc,-lc,--end-group
Finished building target: i2c_impl.elf
 
Invoking: MicroBlaze Print Size
mb-size i2c_impl.elf  |tee "i2c_impl.elf.size"
   text	   data	    bss	    dec	    hex	filename
  11012	    392	   2364	  13768	   35c8	i2c_impl.elf
Finished building: i2c_impl.elf.size
 
00:09:58 **** Incremental Build of configuration Debug for project i2c_impl ****
make all 
make: Nothing to be done for `all'.
00:12:00 **** Incremental Build of configuration Debug for project i2c_impl ****
make all 
make: Nothing to be done for `all'.
00:12:33 **** Incremental Build of configuration Debug for project i2c_impl ****
make all 
make: Nothing to be done for `all'.
00:13:30 **** Auto Build of configuration Debug for project i2c_impl ****
make all 
Building file: ../src/i2c_impl.c
Invoking: MicroBlaze gcc compiler
mb-gcc -Wall -O0 -g3 -c -fmessage-length=0 -MT"src/i2c_impl.o" -I../../standalone_bsp_0/mcu_core_system_microblaze_0/include -mlittle-endian -mcpu=v9.4 -mxl-soft-mul -Wl,--no-relax -ffunction-sections -fdata-sections -MMD -MP -MF"src/i2c_impl.d" -MT"src/i2c_impl.d" -o "src/i2c_impl.o" "../src/i2c_impl.c"
Finished building: ../src/i2c_impl.c
 
Building target: i2c_impl.elf
Invoking: MicroBlaze gcc linker
mb-gcc -Wl,-T -Wl,../src/lscript.ld -L../../standalone_bsp_0/mcu_core_system_microblaze_0/lib -mlittle-endian -mcpu=v9.4 -mxl-soft-mul -Wl,--no-relax -Wl,--gc-sections -o "i2c_impl.elf"  ./src/i2c_impl.o ./src/platform.o   -Wl,--start-group,-lxil,-lgcc,-lc,--end-group
Finished building target: i2c_impl.elf
 
Invoking: MicroBlaze Print Size
mb-size i2c_impl.elf  |tee "i2c_impl.elf.size"
   text	   data	    bss	    dec	    hex	filename
  11048	    392	   2360	  13800	   35e8	i2c_impl.elf
Finished building: i2c_impl.elf.size
 
00:13:45 **** Auto Build of configuration Debug for project i2c_impl ****
make all 
Building file: ../src/i2c_impl.c
Invoking: MicroBlaze gcc compiler
mb-gcc -Wall -O0 -g3 -c -fmessage-length=0 -MT"src/i2c_impl.o" -I../../standalone_bsp_0/mcu_core_system_microblaze_0/include -mlittle-endian -mcpu=v9.4 -mxl-soft-mul -Wl,--no-relax -ffunction-sections -fdata-sections -MMD -MP -MF"src/i2c_impl.d" -MT"src/i2c_impl.d" -o "src/i2c_impl.o" "../src/i2c_impl.c"
Finished building: ../src/i2c_impl.c
 
Building target: i2c_impl.elf
Invoking: MicroBlaze gcc linker
mb-gcc -Wl,-T -Wl,../src/lscript.ld -L../../standalone_bsp_0/mcu_core_system_microblaze_0/lib -mlittle-endian -mcpu=v9.4 -mxl-soft-mul -Wl,--no-relax -Wl,--gc-sections -o "i2c_impl.elf"  ./src/i2c_impl.o ./src/platform.o   -Wl,--start-group,-lxil,-lgcc,-lc,--end-group
Finished building target: i2c_impl.elf
 
Invoking: MicroBlaze Print Size
mb-size i2c_impl.elf  |tee "i2c_impl.elf.size"
   text	   data	    bss	    dec	    hex	filename
  11028	    392	   2364	  13784	   35d8	i2c_impl.elf
Finished building: i2c_impl.elf.size
 
00:13:50 **** Incremental Build of configuration Debug for project i2c_impl ****
make all 
make: Nothing to be done for `all'.
00:13:59 **** Incremental Build of configuration Debug for project i2c_impl ****
make all 
make: Nothing to be done for `all'.
00:16:52 **** Auto Build of configuration Debug for project i2c_impl ****
make all 
Building file: ../src/i2c_impl.c
Invoking: MicroBlaze gcc compiler
mb-gcc -Wall -O0 -g3 -c -fmessage-length=0 -MT"src/i2c_impl.o" -I../../standalone_bsp_0/mcu_core_system_microblaze_0/include -mlittle-endian -mcpu=v9.4 -mxl-soft-mul -Wl,--no-relax -ffunction-sections -fdata-sections -MMD -MP -MF"src/i2c_impl.d" -MT"src/i2c_impl.d" -o "src/i2c_impl.o" "../src/i2c_impl.c"
Finished building: ../src/i2c_impl.c
 
Building target: i2c_impl.elf
Invoking: MicroBlaze gcc linker
mb-gcc -Wl,-T -Wl,../src/lscript.ld -L../../standalone_bsp_0/mcu_core_system_microblaze_0/lib -mlittle-endian -mcpu=v9.4 -mxl-soft-mul -Wl,--no-relax -Wl,--gc-sections -o "i2c_impl.elf"  ./src/i2c_impl.o ./src/platform.o   -Wl,--start-group,-lxil,-lgcc,-lc,--end-group
Finished building target: i2c_impl.elf
 
Invoking: MicroBlaze Print Size
mb-size i2c_impl.elf  |tee "i2c_impl.elf.size"
   text	   data	    bss	    dec	    hex	filename
  11028	    392	   2364	  13784	   35d8	i2c_impl.elf
Finished building: i2c_impl.elf.size
 
00:17:37 **** Incremental Build of configuration Debug for project i2c_impl ****
make all 
make: Nothing to be done for `all'.
